Archive member included to satisfy reference by file (symbol)

/usr/local/gcc-arm-none-eabi-6-2017-q2-update/bin/../lib/gcc/arm-none-eabi/6.3.1/../../../../arm-none-eabi/lib/thumb/v7e-m/fpv4-sp/hard/libc_nano.a(lib_a-exit.o)
                              /usr/local/gcc-arm-none-eabi-6-2017-q2-update/bin/../lib/gcc/arm-none-eabi/6.3.1/../../../../arm-none-eabi/lib/thumb/v7e-m/fpv4-sp/hard/crt0.o (exit)
/usr/local/gcc-arm-none-eabi-6-2017-q2-update/bin/../lib/gcc/arm-none-eabi/6.3.1/../../../../arm-none-eabi/lib/thumb/v7e-m/fpv4-sp/hard/libc_nano.a(lib_a-impure.o)
                              /usr/local/gcc-arm-none-eabi-6-2017-q2-update/bin/../lib/gcc/arm-none-eabi/6.3.1/../../../../arm-none-eabi/lib/thumb/v7e-m/fpv4-sp/hard/libc_nano.a(lib_a-exit.o) (_global_impure_ptr)
/usr/local/gcc-arm-none-eabi-6-2017-q2-update/bin/../lib/gcc/arm-none-eabi/6.3.1/../../../../arm-none-eabi/lib/thumb/v7e-m/fpv4-sp/hard/libc_nano.a(lib_a-init.o)
                              /usr/local/gcc-arm-none-eabi-6-2017-q2-update/bin/../lib/gcc/arm-none-eabi/6.3.1/../../../../arm-none-eabi/lib/thumb/v7e-m/fpv4-sp/hard/crt0.o (__libc_init_array)
/usr/local/gcc-arm-none-eabi-6-2017-q2-update/bin/../lib/gcc/arm-none-eabi/6.3.1/../../../../arm-none-eabi/lib/thumb/v7e-m/fpv4-sp/hard/libc_nano.a(lib_a-memset.o)
                              /usr/local/gcc-arm-none-eabi-6-2017-q2-update/bin/../lib/gcc/arm-none-eabi/6.3.1/../../../../arm-none-eabi/lib/thumb/v7e-m/fpv4-sp/hard/crt0.o (memset)
/usr/local/gcc-arm-none-eabi-6-2017-q2-update/bin/../lib/gcc/arm-none-eabi/6.3.1/../../../../arm-none-eabi/lib/thumb/v7e-m/fpv4-sp/hard/libnosys.a(_exit.o)
                              /usr/local/gcc-arm-none-eabi-6-2017-q2-update/bin/../lib/gcc/arm-none-eabi/6.3.1/../../../../arm-none-eabi/lib/thumb/v7e-m/fpv4-sp/hard/libc_nano.a(lib_a-exit.o) (_exit)

Discarded input sections

 .text          0x0000000000000000        0x0 /usr/local/gcc-arm-none-eabi-6-2017-q2-update/bin/../lib/gcc/arm-none-eabi/6.3.1/thumb/v7e-m/fpv4-sp/hard/crti.o
 .data          0x0000000000000000        0x0 /usr/local/gcc-arm-none-eabi-6-2017-q2-update/bin/../lib/gcc/arm-none-eabi/6.3.1/thumb/v7e-m/fpv4-sp/hard/crti.o
 .bss           0x0000000000000000        0x0 /usr/local/gcc-arm-none-eabi-6-2017-q2-update/bin/../lib/gcc/arm-none-eabi/6.3.1/thumb/v7e-m/fpv4-sp/hard/crti.o
 .data          0x0000000000000000        0x4 /usr/local/gcc-arm-none-eabi-6-2017-q2-update/bin/../lib/gcc/arm-none-eabi/6.3.1/thumb/v7e-m/fpv4-sp/hard/crtbegin.o
 .data          0x0000000000000000        0x0 /usr/local/gcc-arm-none-eabi-6-2017-q2-update/bin/../lib/gcc/arm-none-eabi/6.3.1/../../../../arm-none-eabi/lib/thumb/v7e-m/fpv4-sp/hard/crt0.o
 .bss           0x0000000000000000        0x0 /usr/local/gcc-arm-none-eabi-6-2017-q2-update/bin/../lib/gcc/arm-none-eabi/6.3.1/../../../../arm-none-eabi/lib/thumb/v7e-m/fpv4-sp/hard/crt0.o
 .ARM.extab     0x0000000000000000        0x0 /usr/local/gcc-arm-none-eabi-6-2017-q2-update/bin/../lib/gcc/arm-none-eabi/6.3.1/../../../../arm-none-eabi/lib/thumb/v7e-m/fpv4-sp/hard/crt0.o
 .data          0x0000000000000000        0x0 _build/nrf52832_xxaa/gcc_startup_nrf52.S.o
 .bss           0x0000000000000000        0x0 _build/nrf52832_xxaa/gcc_startup_nrf52.S.o
 .group         0x0000000000000000        0x8 _build/nrf52832_xxaa/system_nrf52.c.o
 .group         0x0000000000000000        0x8 _build/nrf52832_xxaa/system_nrf52.c.o
 .group         0x0000000000000000        0x8 _build/nrf52832_xxaa/system_nrf52.c.o
 .group         0x0000000000000000        0x8 _build/nrf52832_xxaa/system_nrf52.c.o
 .group         0x0000000000000000        0x8 _build/nrf52832_xxaa/system_nrf52.c.o
 .group         0x0000000000000000        0x8 _build/nrf52832_xxaa/system_nrf52.c.o
 .group         0x0000000000000000        0x8 _build/nrf52832_xxaa/system_nrf52.c.o
 .group         0x0000000000000000        0x8 _build/nrf52832_xxaa/system_nrf52.c.o
 .group         0x0000000000000000        0x8 _build/nrf52832_xxaa/system_nrf52.c.o
 .group         0x0000000000000000        0x8 _build/nrf52832_xxaa/system_nrf52.c.o
 .group         0x0000000000000000        0x8 _build/nrf52832_xxaa/system_nrf52.c.o
 .group         0x0000000000000000        0x8 _build/nrf52832_xxaa/system_nrf52.c.o
 .group         0x0000000000000000        0x8 _build/nrf52832_xxaa/system_nrf52.c.o
 .group         0x0000000000000000        0x8 _build/nrf52832_xxaa/system_nrf52.c.o
 .group         0x0000000000000000        0x8 _build/nrf52832_xxaa/system_nrf52.c.o
 .group         0x0000000000000000        0x8 _build/nrf52832_xxaa/system_nrf52.c.o
 .group         0x0000000000000000        0x8 _build/nrf52832_xxaa/system_nrf52.c.o
 .group         0x0000000000000000        0x8 _build/nrf52832_xxaa/system_nrf52.c.o
 .text          0x0000000000000000        0x0 _build/nrf52832_xxaa/system_nrf52.c.o
 .data          0x0000000000000000        0x0 _build/nrf52832_xxaa/system_nrf52.c.o
 .bss           0x0000000000000000        0x0 _build/nrf52832_xxaa/system_nrf52.c.o
 .text.SystemCoreClockUpdate
                0x0000000000000000       0x10 _build/nrf52832_xxaa/system_nrf52.c.o
 .group         0x0000000000000000        0x8 _build/nrf52832_xxaa/main.c.o
 .group         0x0000000000000000        0x8 _build/nrf52832_xxaa/main.c.o
 .group         0x0000000000000000        0x8 _build/nrf52832_xxaa/main.c.o
 .group         0x0000000000000000        0x8 _build/nrf52832_xxaa/main.c.o
 .group         0x0000000000000000        0x8 _build/nrf52832_xxaa/main.c.o
 .group         0x0000000000000000        0x8 _build/nrf52832_xxaa/main.c.o
 .group         0x0000000000000000        0x8 _build/nrf52832_xxaa/main.c.o
 .group         0x0000000000000000        0x8 _build/nrf52832_xxaa/main.c.o
 .group         0x0000000000000000        0x8 _build/nrf52832_xxaa/main.c.o
 .group         0x0000000000000000        0x8 _build/nrf52832_xxaa/main.c.o
 .group         0x0000000000000000        0x8 _build/nrf52832_xxaa/main.c.o
 .group         0x0000000000000000        0x8 _build/nrf52832_xxaa/main.c.o
 .group         0x0000000000000000        0x8 _build/nrf52832_xxaa/main.c.o
 .group         0x0000000000000000        0x8 _build/nrf52832_xxaa/main.c.o
 .group         0x0000000000000000        0x8 _build/nrf52832_xxaa/main.c.o
 .group         0x0000000000000000        0x8 _build/nrf52832_xxaa/main.c.o
 .group         0x0000000000000000        0x8 _build/nrf52832_xxaa/main.c.o
 .group         0x0000000000000000        0x8 _build/nrf52832_xxaa/main.c.o
 .group         0x0000000000000000        0x8 _build/nrf52832_xxaa/main.c.o
 .group         0x0000000000000000        0x8 _build/nrf52832_xxaa/main.c.o
 .group         0x0000000000000000        0x8 _build/nrf52832_xxaa/main.c.o
 .group         0x0000000000000000        0x8 _build/nrf52832_xxaa/main.c.o
 .group         0x0000000000000000        0x8 _build/nrf52832_xxaa/main.c.o
 .group         0x0000000000000000        0x8 _build/nrf52832_xxaa/main.c.o
 .group         0x0000000000000000        0x8 _build/nrf52832_xxaa/main.c.o
 .group         0x0000000000000000        0x8 _build/nrf52832_xxaa/main.c.o
 .group         0x0000000000000000        0x8 _build/nrf52832_xxaa/main.c.o
 .group         0x0000000000000000        0x8 _build/nrf52832_xxaa/main.c.o
 .group         0x0000000000000000        0x8 _build/nrf52832_xxaa/main.c.o
 .group         0x0000000000000000        0x8 _build/nrf52832_xxaa/main.c.o
 .group         0x0000000000000000        0x8 _build/nrf52832_xxaa/main.c.o
 .group         0x0000000000000000        0x8 _build/nrf52832_xxaa/main.c.o
 .group         0x0000000000000000        0x8 _build/nrf52832_xxaa/main.c.o
 .group         0x0000000000000000        0x8 _build/nrf52832_xxaa/main.c.o
 .group         0x0000000000000000        0x8 _build/nrf52832_xxaa/main.c.o
 .group         0x0000000000000000        0x8 _build/nrf52832_xxaa/main.c.o
 .group         0x0000000000000000        0x8 _build/nrf52832_xxaa/main.c.o
 .group         0x0000000000000000        0x8 _build/nrf52832_xxaa/main.c.o
 .group         0x0000000000000000        0x8 _build/nrf52832_xxaa/main.c.o
 .group         0x0000000000000000        0x8 _build/nrf52832_xxaa/main.c.o
 .group         0x0000000000000000        0x8 _build/nrf52832_xxaa/main.c.o
 .group         0x0000000000000000        0x8 _build/nrf52832_xxaa/main.c.o
 .group         0x0000000000000000        0x8 _build/nrf52832_xxaa/main.c.o
 .group         0x0000000000000000        0x8 _build/nrf52832_xxaa/main.c.o
 .group         0x0000000000000000        0x8 _build/nrf52832_xxaa/main.c.o
 .group         0x0000000000000000        0x8 _build/nrf52832_xxaa/main.c.o
 .group         0x0000000000000000        0x8 _build/nrf52832_xxaa/main.c.o
 .group         0x0000000000000000        0x8 _build/nrf52832_xxaa/main.c.o
 .group         0x0000000000000000        0x8 _build/nrf52832_xxaa/main.c.o
 .text          0x0000000000000000        0x0 _build/nrf52832_xxaa/main.c.o
 .data          0x0000000000000000        0x0 _build/nrf52832_xxaa/main.c.o
 .bss           0x0000000000000000        0x0 _build/nrf52832_xxaa/main.c.o
 .debug_macro   0x0000000000000000      0x8c8 _build/nrf52832_xxaa/main.c.o
 .debug_macro   0x0000000000000000       0x22 _build/nrf52832_xxaa/main.c.o
 .debug_macro   0x0000000000000000       0x22 _build/nrf52832_xxaa/main.c.o
 .debug_macro   0x0000000000000000       0x4f _build/nrf52832_xxaa/main.c.o
 .debug_macro   0x0000000000000000       0x51 _build/nrf52832_xxaa/main.c.o
 .debug_macro   0x0000000000000000       0xef _build/nrf52832_xxaa/main.c.o
 .debug_macro   0x0000000000000000       0x6a _build/nrf52832_xxaa/main.c.o
 .debug_macro   0x0000000000000000      0x1df _build/nrf52832_xxaa/main.c.o
 .debug_macro   0x0000000000000000       0x22 _build/nrf52832_xxaa/main.c.o
 .debug_macro   0x0000000000000000       0x2d _build/nrf52832_xxaa/main.c.o
 .debug_macro   0x0000000000000000       0x3b _build/nrf52832_xxaa/main.c.o
 .debug_macro   0x0000000000000000       0x50 _build/nrf52832_xxaa/main.c.o
 .debug_macro   0x0000000000000000      0xe66 _build/nrf52832_xxaa/main.c.o
 .debug_macro   0x0000000000000000      0x392 _build/nrf52832_xxaa/main.c.o
 .debug_macro   0x0000000000000000     0xcc94 _build/nrf52832_xxaa/main.c.o
 .debug_macro   0x0000000000000000     0x1313 _build/nrf52832_xxaa/main.c.o
 .debug_macro   0x0000000000000000       0x82 _build/nrf52832_xxaa/main.c.o
 .debug_macro   0x0000000000000000       0x22 _build/nrf52832_xxaa/main.c.o
 .group         0x0000000000000000        0x8 _build/nrf52832_xxaa/boards.c.o
 .group         0x0000000000000000        0x8 _build/nrf52832_xxaa/boards.c.o
 .group         0x0000000000000000        0x8 _build/nrf52832_xxaa/boards.c.o
 .group         0x0000000000000000        0x8 _build/nrf52832_xxaa/boards.c.o
 .group         0x0000000000000000        0x8 _build/nrf52832_xxaa/boards.c.o
 .group         0x0000000000000000        0x8 _build/nrf52832_xxaa/boards.c.o
 .group         0x0000000000000000        0x8 _build/nrf52832_xxaa/boards.c.o
 .group         0x0000000000000000        0x8 _build/nrf52832_xxaa/boards.c.o
 .group         0x0000000000000000        0x8 _build/nrf52832_xxaa/boards.c.o
 .group         0x0000000000000000        0x8 _build/nrf52832_xxaa/boards.c.o
 .group         0x0000000000000000        0x8 _build/nrf52832_xxaa/boards.c.o
 .group         0x0000000000000000        0x8 _build/nrf52832_xxaa/boards.c.o
 .group         0x0000000000000000        0x8 _build/nrf52832_xxaa/boards.c.o
 .group         0x0000000000000000        0x8 _build/nrf52832_xxaa/boards.c.o
 .group         0x0000000000000000        0x8 _build/nrf52832_xxaa/boards.c.o
 .group         0x0000000000000000        0x8 _build/nrf52832_xxaa/boards.c.o
 .group         0x0000000000000000        0x8 _build/nrf52832_xxaa/boards.c.o
 .group         0x0000000000000000        0x8 _build/nrf52832_xxaa/boards.c.o
 .group         0x0000000000000000        0x8 _build/nrf52832_xxaa/boards.c.o
 .group         0x0000000000000000        0x8 _build/nrf52832_xxaa/boards.c.o
 .group         0x0000000000000000        0x8 _build/nrf52832_xxaa/boards.c.o
 .group         0x0000000000000000        0x8 _build/nrf52832_xxaa/boards.c.o
 .group         0x0000000000000000        0x8 _build/nrf52832_xxaa/boards.c.o
 .group         0x0000000000000000        0x8 _build/nrf52832_xxaa/boards.c.o
 .group         0x0000000000000000        0x8 _build/nrf52832_xxaa/boards.c.o
 .group         0x0000000000000000        0x8 _build/nrf52832_xxaa/boards.c.o
 .group         0x0000000000000000        0x8 _build/nrf52832_xxaa/boards.c.o
 .group         0x0000000000000000        0x8 _build/nrf52832_xxaa/boards.c.o
 .group         0x0000000000000000        0x8 _build/nrf52832_xxaa/boards.c.o
 .group         0x0000000000000000        0x8 _build/nrf52832_xxaa/boards.c.o
 .group         0x0000000000000000        0x8 _build/nrf52832_xxaa/boards.c.o
 .group         0x0000000000000000        0x8 _build/nrf52832_xxaa/boards.c.o
 .group         0x0000000000000000        0x8 _build/nrf52832_xxaa/boards.c.o
 .group         0x0000000000000000        0x8 _build/nrf52832_xxaa/boards.c.o
 .group         0x0000000000000000        0x8 _build/nrf52832_xxaa/boards.c.o
 .group         0x0000000000000000        0x8 _build/nrf52832_xxaa/boards.c.o
 .group         0x0000000000000000        0x8 _build/nrf52832_xxaa/boards.c.o
 .group         0x0000000000000000        0x8 _build/nrf52832_xxaa/boards.c.o
 .group         0x0000000000000000        0x8 _build/nrf52832_xxaa/boards.c.o
 .group         0x0000000000000000        0x8 _build/nrf52832_xxaa/boards.c.o
 .group         0x0000000000000000        0x8 _build/nrf52832_xxaa/boards.c.o
 .group         0x0000000000000000        0x8 _build/nrf52832_xxaa/boards.c.o
 .group         0x0000000000000000        0x8 _build/nrf52832_xxaa/boards.c.o
 .group         0x0000000000000000        0x8 _build/nrf52832_xxaa/boards.c.o
 .group         0x0000000000000000        0x8 _build/nrf52832_xxaa/boards.c.o
 .group         0x0000000000000000        0x8 _build/nrf52832_xxaa/boards.c.o
 .group         0x0000000000000000        0x8 _build/nrf52832_xxaa/boards.c.o
 .group         0x0000000000000000        0x8 _build/nrf52832_xxaa/boards.c.o
 .text          0x0000000000000000        0x0 _build/nrf52832_xxaa/boards.c.o
 .data          0x0000000000000000        0x0 _build/nrf52832_xxaa/boards.c.o
 .bss           0x0000000000000000        0x0 _build/nrf52832_xxaa/boards.c.o
 .text.bsp_board_led_state_get
                0x0000000000000000       0x1c _build/nrf52832_xxaa/boards.c.o
 .text.bsp_board_led_on
                0x0000000000000000       0x18 _build/nrf52832_xxaa/boards.c.o
 .text.bsp_board_led_off
                0x0000000000000000       0x18 _build/nrf52832_xxaa/boards.c.o
 .text.bsp_board_leds_off
                0x0000000000000000       0x2c _build/nrf52832_xxaa/boards.c.o
 .text.bsp_board_leds_on
                0x0000000000000000       0x2c _build/nrf52832_xxaa/boards.c.o
 .text.bsp_board_led_idx_to_pin
                0x0000000000000000        0xc _build/nrf52832_xxaa/boards.c.o
 .text.bsp_board_pin_to_led_idx
                0x0000000000000000       0x24 _build/nrf52832_xxaa/boards.c.o
 .text.bsp_board_button_state_get
                0x0000000000000000       0x1c _build/nrf52832_xxaa/boards.c.o
 .text.bsp_board_buttons_init
                0x0000000000000000       0x18 _build/nrf52832_xxaa/boards.c.o
 .text.bsp_board_pin_to_button_idx
                0x0000000000000000       0x24 _build/nrf52832_xxaa/boards.c.o
 .text.bsp_board_button_idx_to_pin
                0x0000000000000000        0xc _build/nrf52832_xxaa/boards.c.o
 .rodata.m_board_btn_list
                0x0000000000000000        0x4 _build/nrf52832_xxaa/boards.c.o
 .debug_macro   0x0000000000000000      0x8c8 _build/nrf52832_xxaa/boards.c.o
 .debug_macro   0x0000000000000000       0x22 _build/nrf52832_xxaa/boards.c.o
 .debug_macro   0x0000000000000000       0x2d _build/nrf52832_xxaa/boards.c.o
 .debug_macro   0x0000000000000000       0x22 _build/nrf52832_xxaa/boards.c.o
 .debug_macro   0x0000000000000000       0x4f _build/nrf52832_xxaa/boards.c.o
 .debug_macro   0x0000000000000000       0x51 _build/nrf52832_xxaa/boards.c.o
 .debug_macro   0x0000000000000000       0xef _build/nrf52832_xxaa/boards.c.o
 .debug_macro   0x0000000000000000       0x6a _build/nrf52832_xxaa/boards.c.o
 .debug_macro   0x0000000000000000      0x1df _build/nrf52832_xxaa/boards.c.o
 .debug_macro   0x0000000000000000       0x50 _build/nrf52832_xxaa/boards.c.o
 .debug_macro   0x0000000000000000      0xe66 _build/nrf52832_xxaa/boards.c.o
 .debug_macro   0x0000000000000000      0x392 _build/nrf52832_xxaa/boards.c.o
 .debug_macro   0x0000000000000000     0xcc94 _build/nrf52832_xxaa/boards.c.o
 .debug_macro   0x0000000000000000     0x1313 _build/nrf52832_xxaa/boards.c.o
 .debug_macro   0x0000000000000000       0x82 _build/nrf52832_xxaa/boards.c.o
 .debug_macro   0x0000000000000000       0x22 _build/nrf52832_xxaa/boards.c.o
 .debug_macro   0x0000000000000000      0x372 _build/nrf52832_xxaa/boards.c.o
 .debug_macro   0x0000000000000000       0x58 _build/nrf52832_xxaa/boards.c.o
 .debug_macro   0x0000000000000000       0x35 _build/nrf52832_xxaa/boards.c.o
 .debug_macro   0x0000000000000000       0x9c _build/nrf52832_xxaa/boards.c.o
 .debug_macro   0x0000000000000000       0x16 _build/nrf52832_xxaa/boards.c.o
 .debug_macro   0x0000000000000000       0x97 _build/nrf52832_xxaa/boards.c.o
 .debug_macro   0x0000000000000000      0x353 _build/nrf52832_xxaa/boards.c.o
 .debug_macro   0x0000000000000000       0xf6 _build/nrf52832_xxaa/boards.c.o
 .debug_macro   0x0000000000000000       0x10 _build/nrf52832_xxaa/boards.c.o
 .debug_macro   0x0000000000000000       0x58 _build/nrf52832_xxaa/boards.c.o
 .debug_macro   0x0000000000000000       0x1f _build/nrf52832_xxaa/boards.c.o
 .debug_macro   0x0000000000000000       0x43 _build/nrf52832_xxaa/boards.c.o
 .debug_macro   0x0000000000000000       0x20 _build/nrf52832_xxaa/boards.c.o
 .debug_macro   0x0000000000000000      0x187 _build/nrf52832_xxaa/boards.c.o
 .debug_macro   0x0000000000000000       0x10 _build/nrf52832_xxaa/boards.c.o
 .debug_macro   0x0000000000000000       0xb6 _build/nrf52832_xxaa/boards.c.o
 .debug_macro   0x0000000000000000       0x16 _build/nrf52832_xxaa/boards.c.o
 .debug_macro   0x0000000000000000      0x145 _build/nrf52832_xxaa/boards.c.o
 .debug_macro   0x0000000000000000       0x22 _build/nrf52832_xxaa/boards.c.o
 .debug_macro   0x0000000000000000       0x8e _build/nrf52832_xxaa/boards.c.o
 .debug_macro   0x0000000000000000      0x4b4 _build/nrf52832_xxaa/boards.c.o
 .debug_macro   0x0000000000000000       0x9b _build/nrf52832_xxaa/boards.c.o
 .debug_macro   0x0000000000000000      0x16d _build/nrf52832_xxaa/boards.c.o
 .debug_macro   0x0000000000000000       0x2b _build/nrf52832_xxaa/boards.c.o
 .debug_macro   0x0000000000000000       0x10 _build/nrf52832_xxaa/boards.c.o
 .debug_macro   0x0000000000000000       0x16 _build/nrf52832_xxaa/boards.c.o
 .debug_macro   0x0000000000000000       0x35 _build/nrf52832_xxaa/boards.c.o
 .debug_macro   0x0000000000000000       0x22 _build/nrf52832_xxaa/boards.c.o
 .debug_macro   0x0000000000000000       0x16 _build/nrf52832_xxaa/boards.c.o
 .debug_macro   0x0000000000000000      0x261 _build/nrf52832_xxaa/boards.c.o
 .debug_macro   0x0000000000000000      0x115 _build/nrf52832_xxaa/boards.c.o
 .group         0x0000000000000000        0x8 _build/nrf52832_xxaa/app_error.c.o
 .group         0x0000000000000000        0x8 _build/nrf52832_xxaa/app_error.c.o
 .group         0x0000000000000000        0x8 _build/nrf52832_xxaa/app_error.c.o
 .group         0x0000000000000000        0x8 _build/nrf52832_xxaa/app_error.c.o
 .group         0x0000000000000000        0x8 _build/nrf52832_xxaa/app_error.c.o
 .group         0x0000000000000000        0x8 _build/nrf52832_xxaa/app_error.c.o
 .group         0x0000000000000000        0x8 _build/nrf52832_xxaa/app_error.c.o
 .group         0x0000000000000000        0x8 _build/nrf52832_xxaa/app_error.c.o
 .group         0x0000000000000000        0x8 _build/nrf52832_xxaa/app_error.c.o
 .group         0x0000000000000000        0x8 _build/nrf52832_xxaa/app_error.c.o
 .group         0x0000000000000000        0x8 _build/nrf52832_xxaa/app_error.c.o
 .group         0x0000000000000000        0x8 _build/nrf52832_xxaa/app_error.c.o
 .group         0x0000000000000000        0x8 _build/nrf52832_xxaa/app_error.c.o
 .group         0x0000000000000000        0x8 _build/nrf52832_xxaa/app_error.c.o
 .group         0x0000000000000000        0x8 _build/nrf52832_xxaa/app_error.c.o
 .group         0x0000000000000000        0x8 _build/nrf52832_xxaa/app_error.c.o
 .group         0x0000000000000000        0x8 _build/nrf52832_xxaa/app_error.c.o
 .group         0x0000000000000000        0x8 _build/nrf52832_xxaa/app_error.c.o
 .group         0x0000000000000000        0x8 _build/nrf52832_xxaa/app_error.c.o
 .group         0x0000000000000000        0x8 _build/nrf52832_xxaa/app_error.c.o
 .group         0x0000000000000000        0x8 _build/nrf52832_xxaa/app_error.c.o
 .group         0x0000000000000000        0x8 _build/nrf52832_xxaa/app_error.c.o
 .group         0x0000000000000000        0x8 _build/nrf52832_xxaa/app_error.c.o
 .group         0x0000000000000000        0x8 _build/nrf52832_xxaa/app_error.c.o
 .group         0x0000000000000000        0x8 _build/nrf52832_xxaa/app_error.c.o
 .group         0x0000000000000000        0x8 _build/nrf52832_xxaa/app_error.c.o
 .group         0x0000000000000000        0x8 _build/nrf52832_xxaa/app_error.c.o
 .group         0x0000000000000000        0x8 _build/nrf52832_xxaa/app_error.c.o
 .group         0x0000000000000000        0x8 _build/nrf52832_xxaa/app_error.c.o
 .group         0x0000000000000000        0x8 _build/nrf52832_xxaa/app_error.c.o
 .group         0x0000000000000000        0x8 _build/nrf52832_xxaa/app_error.c.o
 .group         0x0000000000000000        0x8 _build/nrf52832_xxaa/app_error.c.o
 .group         0x0000000000000000        0x8 _build/nrf52832_xxaa/app_error.c.o
 .group         0x0000000000000000        0x8 _build/nrf52832_xxaa/app_error.c.o
 .group         0x0000000000000000        0x8 _build/nrf52832_xxaa/app_error.c.o
 .group         0x0000000000000000        0x8 _build/nrf52832_xxaa/app_error.c.o
 .group         0x0000000000000000        0x8 _build/nrf52832_xxaa/app_error.c.o
 .group         0x0000000000000000        0x8 _build/nrf52832_xxaa/app_error.c.o
 .group         0x0000000000000000        0x8 _build/nrf52832_xxaa/app_error.c.o
 .group         0x0000000000000000        0x8 _build/nrf52832_xxaa/app_error.c.o
 .text          0x0000000000000000        0x0 _build/nrf52832_xxaa/app_error.c.o
 .data          0x0000000000000000        0x0 _build/nrf52832_xxaa/app_error.c.o
 .bss           0x0000000000000000        0x0 _build/nrf52832_xxaa/app_error.c.o
 .text.app_error_handler
                0x0000000000000000       0x20 _build/nrf52832_xxaa/app_error.c.o
 .text.app_error_handler_bare
                0x0000000000000000       0x20 _build/nrf52832_xxaa/app_error.c.o
 .text.app_error_save_and_stop
                0x0000000000000000       0x64 _build/nrf52832_xxaa/app_error.c.o
 .bss.m_error_data.7624
                0x0000000000000000       0x20 _build/nrf52832_xxaa/app_error.c.o
 .debug_info    0x0000000000000000      0xb5f _build/nrf52832_xxaa/app_error.c.o
 .debug_abbrev  0x0000000000000000      0x235 _build/nrf52832_xxaa/app_error.c.o
 .debug_loc     0x0000000000000000      0x145 _build/nrf52832_xxaa/app_error.c.o
 .debug_aranges
                0x0000000000000000       0x30 _build/nrf52832_xxaa/app_error.c.o
 .debug_ranges  0x0000000000000000       0x20 _build/nrf52832_xxaa/app_error.c.o
 .debug_macro   0x0000000000000000      0x229 _build/nrf52832_xxaa/app_error.c.o
 .debug_macro   0x0000000000000000      0x8c8 _build/nrf52832_xxaa/app_error.c.o
 .debug_macro   0x0000000000000000       0x22 _build/nrf52832_xxaa/app_error.c.o
 .debug_macro   0x0000000000000000       0x2d _build/nrf52832_xxaa/app_error.c.o
 .debug_macro   0x0000000000000000       0x22 _build/nrf52832_xxaa/app_error.c.o
 .debug_macro   0x0000000000000000       0x4f _build/nrf52832_xxaa/app_error.c.o
 .debug_macro   0x0000000000000000       0x51 _build/nrf52832_xxaa/app_error.c.o
 .debug_macro   0x0000000000000000       0xef _build/nrf52832_xxaa/app_error.c.o
 .debug_macro   0x0000000000000000       0x6a _build/nrf52832_xxaa/app_error.c.o
 .debug_macro   0x0000000000000000      0x1df _build/nrf52832_xxaa/app_error.c.o
 .debug_macro   0x0000000000000000       0x35 _build/nrf52832_xxaa/app_error.c.o
 .debug_macro   0x0000000000000000       0x50 _build/nrf52832_xxaa/app_error.c.o
 .debug_macro   0x0000000000000000      0xe66 _build/nrf52832_xxaa/app_error.c.o
 .debug_macro   0x0000000000000000      0x392 _build/nrf52832_xxaa/app_error.c.o
 .debug_macro   0x0000000000000000     0xcc94 _build/nrf52832_xxaa/app_error.c.o
 .debug_macro   0x0000000000000000     0x1313 _build/nrf52832_xxaa/app_error.c.o
 .debug_macro   0x0000000000000000       0x82 _build/nrf52832_xxaa/app_error.c.o
 .debug_macro   0x0000000000000000       0x22 _build/nrf52832_xxaa/app_error.c.o
 .debug_macro   0x0000000000000000       0x58 _build/nrf52832_xxaa/app_error.c.o
 .debug_macro   0x0000000000000000       0x35 _build/nrf52832_xxaa/app_error.c.o
 .debug_macro   0x0000000000000000       0x9c _build/nrf52832_xxaa/app_error.c.o
 .debug_macro   0x0000000000000000       0x16 _build/nrf52832_xxaa/app_error.c.o
 .debug_macro   0x0000000000000000       0x97 _build/nrf52832_xxaa/app_error.c.o
 .debug_macro   0x0000000000000000      0x353 _build/nrf52832_xxaa/app_error.c.o
 .debug_macro   0x0000000000000000       0xf6 _build/nrf52832_xxaa/app_error.c.o
 .debug_macro   0x0000000000000000       0x10 _build/nrf52832_xxaa/app_error.c.o
 .debug_macro   0x0000000000000000       0x58 _build/nrf52832_xxaa/app_error.c.o
 .debug_macro   0x0000000000000000       0x1f _build/nrf52832_xxaa/app_error.c.o
 .debug_macro   0x0000000000000000       0x43 _build/nrf52832_xxaa/app_error.c.o
 .debug_macro   0x0000000000000000       0x20 _build/nrf52832_xxaa/app_error.c.o
 .debug_macro   0x0000000000000000      0x187 _build/nrf52832_xxaa/app_error.c.o
 .debug_macro   0x0000000000000000       0x10 _build/nrf52832_xxaa/app_error.c.o
 .debug_macro   0x0000000000000000       0xb6 _build/nrf52832_xxaa/app_error.c.o
 .debug_macro   0x0000000000000000       0x16 _build/nrf52832_xxaa/app_error.c.o
 .debug_macro   0x0000000000000000      0x145 _build/nrf52832_xxaa/app_error.c.o
 .debug_macro   0x0000000000000000       0x22 _build/nrf52832_xxaa/app_error.c.o
 .debug_macro   0x0000000000000000       0x8e _build/nrf52832_xxaa/app_error.c.o
 .debug_macro   0x0000000000000000      0x4b4 _build/nrf52832_xxaa/app_error.c.o
 .debug_macro   0x0000000000000000       0x9b _build/nrf52832_xxaa/app_error.c.o
 .debug_macro   0x0000000000000000      0x16d _build/nrf52832_xxaa/app_error.c.o
 .debug_macro   0x0000000000000000       0x2b _build/nrf52832_xxaa/app_error.c.o
 .debug_line    0x0000000000000000      0x60b _build/nrf52832_xxaa/app_error.c.o
 .debug_str     0x0000000000000000    0x612bc _build/nrf52832_xxaa/app_error.c.o
 .comment       0x0000000000000000       0x80 _build/nrf52832_xxaa/app_error.c.o
 .debug_frame   0x0000000000000000       0x70 _build/nrf52832_xxaa/app_error.c.o
 .ARM.attributes
                0x0000000000000000       0x39 _build/nrf52832_xxaa/app_error.c.o
 .group         0x0000000000000000        0x8 _build/nrf52832_xxaa/app_error_weak.c.o
 .group         0x0000000000000000        0x8 _build/nrf52832_xxaa/app_error_weak.c.o
 .group         0x0000000000000000        0x8 _build/nrf52832_xxaa/app_error_weak.c.o
 .group         0x0000000000000000        0x8 _build/nrf52832_xxaa/app_error_weak.c.o
 .group         0x0000000000000000        0x8 _build/nrf52832_xxaa/app_error_weak.c.o
 .group         0x0000000000000000        0x8 _build/nrf52832_xxaa/app_error_weak.c.o
 .group         0x0000000000000000        0x8 _build/nrf52832_xxaa/app_error_weak.c.o
 .group         0x0000000000000000        0x8 _build/nrf52832_xxaa/app_error_weak.c.o
 .group         0x0000000000000000        0x8 _build/nrf52832_xxaa/app_error_weak.c.o
 .group         0x0000000000000000        0x8 _build/nrf52832_xxaa/app_error_weak.c.o
 .group         0x0000000000000000        0x8 _build/nrf52832_xxaa/app_error_weak.c.o
 .group         0x0000000000000000        0x8 _build/nrf52832_xxaa/app_error_weak.c.o
 .group         0x0000000000000000        0x8 _build/nrf52832_xxaa/app_error_weak.c.o
 .group         0x0000000000000000        0x8 _build/nrf52832_xxaa/app_error_weak.c.o
 .group         0x0000000000000000        0x8 _build/nrf52832_xxaa/app_error_weak.c.o
 .group         0x0000000000000000        0x8 _build/nrf52832_xxaa/app_error_weak.c.o
 .group         0x0000000000000000        0x8 _build/nrf52832_xxaa/app_error_weak.c.o
 .group         0x0000000000000000        0x8 _build/nrf52832_xxaa/app_error_weak.c.o
 .group         0x0000000000000000        0x8 _build/nrf52832_xxaa/app_error_weak.c.o
 .group         0x0000000000000000        0x8 _build/nrf52832_xxaa/app_error_weak.c.o
 .group         0x0000000000000000        0x8 _build/nrf52832_xxaa/app_error_weak.c.o
 .group         0x0000000000000000        0x8 _build/nrf52832_xxaa/app_error_weak.c.o
 .group         0x0000000000000000        0x8 _build/nrf52832_xxaa/app_error_weak.c.o
 .group         0x0000000000000000        0x8 _build/nrf52832_xxaa/app_error_weak.c.o
 .group         0x0000000000000000        0x8 _build/nrf52832_xxaa/app_error_weak.c.o
 .group         0x0000000000000000        0x8 _build/nrf52832_xxaa/app_error_weak.c.o
 .group         0x0000000000000000        0x8 _build/nrf52832_xxaa/app_error_weak.c.o
 .group         0x0000000000000000        0x8 _build/nrf52832_xxaa/app_error_weak.c.o
 .group         0x0000000000000000        0x8 _build/nrf52832_xxaa/app_error_weak.c.o
 .group         0x0000000000000000        0x8 _build/nrf52832_xxaa/app_error_weak.c.o
 .group         0x0000000000000000        0x8 _build/nrf52832_xxaa/app_error_weak.c.o
 .group         0x0000000000000000        0x8 _build/nrf52832_xxaa/app_error_weak.c.o
 .group         0x0000000000000000        0x8 _build/nrf52832_xxaa/app_error_weak.c.o
 .group         0x0000000000000000        0x8 _build/nrf52832_xxaa/app_error_weak.c.o
 .group         0x0000000000000000        0x8 _build/nrf52832_xxaa/app_error_weak.c.o
 .group         0x0000000000000000        0x8 _build/nrf52832_xxaa/app_error_weak.c.o
 .group         0x0000000000000000        0x8 _build/nrf52832_xxaa/app_error_weak.c.o
 .group         0x0000000000000000        0x8 _build/nrf52832_xxaa/app_error_weak.c.o
 .group         0x0000000000000000        0x8 _build/nrf52832_xxaa/app_error_weak.c.o
 .group         0x0000000000000000        0x8 _build/nrf52832_xxaa/app_error_weak.c.o
 .group         0x0000000000000000        0x8 _build/nrf52832_xxaa/app_error_weak.c.o
 .group         0x0000000000000000        0x8 _build/nrf52832_xxaa/app_error_weak.c.o
 .group         0x0000000000000000        0x8 _build/nrf52832_xxaa/app_error_weak.c.o
 .group         0x0000000000000000        0x8 _build/nrf52832_xxaa/app_error_weak.c.o
 .group         0x0000000000000000        0x8 _build/nrf52832_xxaa/app_error_weak.c.o
 .group         0x0000000000000000        0x8 _build/nrf52832_xxaa/app_error_weak.c.o
 .group         0x0000000000000000        0x8 _build/nrf52832_xxaa/app_error_weak.c.o
 .group         0x0000000000000000        0x8 _build/nrf52832_xxaa/app_error_weak.c.o
 .group         0x0000000000000000        0x8 _build/nrf52832_xxaa/app_error_weak.c.o
 .group         0x0000000000000000        0x8 _build/nrf52832_xxaa/app_error_weak.c.o
 .group         0x0000000000000000        0x8 _build/nrf52832_xxaa/app_error_weak.c.o
 .group         0x0000000000000000        0x8 _build/nrf52832_xxaa/app_error_weak.c.o
 .group         0x0000000000000000        0x8 _build/nrf52832_xxaa/app_error_weak.c.o
 .group         0x0000000000000000        0x8 _build/nrf52832_xxaa/app_error_weak.c.o
 .group         0x0000000000000000        0x8 _build/nrf52832_xxaa/app_error_weak.c.o
 .group         0x0000000000000000        0x8 _build/nrf52832_xxaa/app_error_weak.c.o
 .group         0x0000000000000000        0x8 _build/nrf52832_xxaa/app_error_weak.c.o
 .text          0x0000000000000000        0x0 _build/nrf52832_xxaa/app_error_weak.c.o
 .data          0x0000000000000000        0x0 _build/nrf52832_xxaa/app_error_weak.c.o
 .bss           0x0000000000000000        0x0 _build/nrf52832_xxaa/app_error_weak.c.o
 .text.app_error_fault_handler
                0x0000000000000000       0x30 _build/nrf52832_xxaa/app_error_weak.c.o
 .debug_info    0x0000000000000000      0xc0d _build/nrf52832_xxaa/app_error_weak.c.o
 .debug_abbrev  0x0000000000000000      0x21c _build/nrf52832_xxaa/app_error_weak.c.o
 .debug_loc     0x0000000000000000       0x42 _build/nrf52832_xxaa/app_error_weak.c.o
 .debug_aranges
                0x0000000000000000       0x20 _build/nrf52832_xxaa/app_error_weak.c.o
 .debug_ranges  0x0000000000000000       0x10 _build/nrf52832_xxaa/app_error_weak.c.o
 .debug_macro   0x0000000000000000      0x338 _build/nrf52832_xxaa/app_error_weak.c.o
 .debug_macro   0x0000000000000000      0x8c8 _build/nrf52832_xxaa/app_error_weak.c.o
 .debug_macro   0x0000000000000000       0x22 _build/nrf52832_xxaa/app_error_weak.c.o
 .debug_macro   0x0000000000000000       0x4f _build/nrf52832_xxaa/app_error_weak.c.o
 .debug_macro   0x0000000000000000       0x51 _build/nrf52832_xxaa/app_error_weak.c.o
 .debug_macro   0x0000000000000000       0xef _build/nrf52832_xxaa/app_error_weak.c.o
 .debug_macro   0x0000000000000000       0x6a _build/nrf52832_xxaa/app_error_weak.c.o
 .debug_macro   0x0000000000000000      0x1df _build/nrf52832_xxaa/app_error_weak.c.o
 .debug_macro   0x0000000000000000       0x58 _build/nrf52832_xxaa/app_error_weak.c.o
 .debug_macro   0x0000000000000000       0x35 _build/nrf52832_xxaa/app_error_weak.c.o
 .debug_macro   0x0000000000000000       0x9c _build/nrf52832_xxaa/app_error_weak.c.o
 .debug_macro   0x0000000000000000       0x16 _build/nrf52832_xxaa/app_error_weak.c.o
 .debug_macro   0x0000000000000000       0x97 _build/nrf52832_xxaa/app_error_weak.c.o
 .debug_macro   0x0000000000000000      0x353 _build/nrf52832_xxaa/app_error_weak.c.o
 .debug_macro   0x0000000000000000       0xf6 _build/nrf52832_xxaa/app_error_weak.c.o
 .debug_macro   0x0000000000000000       0x10 _build/nrf52832_xxaa/app_error_weak.c.o
 .debug_macro   0x0000000000000000       0x58 _build/nrf52832_xxaa/app_error_weak.c.o
 .debug_macro   0x0000000000000000       0x1f _build/nrf52832_xxaa/app_error_weak.c.o
 .debug_macro   0x0000000000000000       0x43 _build/nrf52832_xxaa/app_error_weak.c.o
 .debug_macro   0x0000000000000000       0x20 _build/nrf52832_xxaa/app_error_weak.c.o
 .debug_macro   0x0000000000000000      0x187 _build/nrf52832_xxaa/app_error_weak.c.o
 .debug_macro   0x0000000000000000       0x10 _build/nrf52832_xxaa/app_error_weak.c.o
 .debug_macro   0x0000000000000000       0xb6 _build/nrf52832_xxaa/app_error_weak.c.o
 .debug_macro   0x0000000000000000       0x16 _build/nrf52832_xxaa/app_error_weak.c.o
 .debug_macro   0x0000000000000000      0x145 _build/nrf52832_xxaa/app_error_weak.c.o
 .debug_macro   0x0000000000000000       0x22 _build/nrf52832_xxaa/app_error_weak.c.o
 .debug_macro   0x0000000000000000       0x22 _build/nrf52832_xxaa/app_error_weak.c.o
 .debug_macro   0x0000000000000000       0x2d _build/nrf52832_xxaa/app_error_weak.c.o
 .debug_macro   0x0000000000000000       0x3b _build/nrf52832_xxaa/app_error_weak.c.o
 .debug_macro   0x0000000000000000       0x50 _build/nrf52832_xxaa/app_error_weak.c.o
 .debug_macro   0x0000000000000000      0xe66 _build/nrf52832_xxaa/app_error_weak.c.o
 .debug_macro   0x0000000000000000      0x392 _build/nrf52832_xxaa/app_error_weak.c.o
 .debug_macro   0x0000000000000000     0xcc94 _build/nrf52832_xxaa/app_error_weak.c.o
 .debug_macro   0x0000000000000000     0x1313 _build/nrf52832_xxaa/app_error_weak.c.o
 .debug_macro   0x0000000000000000       0x82 _build/nrf52832_xxaa/app_error_weak.c.o
 .debug_macro   0x0000000000000000       0x22 _build/nrf52832_xxaa/app_error_weak.c.o
 .debug_macro   0x0000000000000000       0x8e _build/nrf52832_xxaa/app_error_weak.c.o
 .debug_macro   0x0000000000000000      0x4b4 _build/nrf52832_xxaa/app_error_weak.c.o
 .debug_macro   0x0000000000000000       0x9b _build/nrf52832_xxaa/app_error_weak.c.o
 .debug_macro   0x0000000000000000      0x16d _build/nrf52832_xxaa/app_error_weak.c.o
 .debug_macro   0x0000000000000000       0x2b _build/nrf52832_xxaa/app_error_weak.c.o
 .debug_macro   0x0000000000000000       0x16 _build/nrf52832_xxaa/app_error_weak.c.o
 .debug_macro   0x0000000000000000       0x35 _build/nrf52832_xxaa/app_error_weak.c.o
 .debug_macro   0x0000000000000000       0x22 _build/nrf52832_xxaa/app_error_weak.c.o
 .debug_macro   0x0000000000000000      0x49d _build/nrf52832_xxaa/app_error_weak.c.o
 .debug_macro   0x0000000000000000       0x4b _build/nrf52832_xxaa/app_error_weak.c.o
 .debug_macro   0x0000000000000000       0x31 _build/nrf52832_xxaa/app_error_weak.c.o
 .debug_macro   0x0000000000000000       0x10 _build/nrf52832_xxaa/app_error_weak.c.o
 .debug_macro   0x0000000000000000      0x167 _build/nrf52832_xxaa/app_error_weak.c.o
 .debug_macro   0x0000000000000000       0x68 _build/nrf52832_xxaa/app_error_weak.c.o
 .debug_macro   0x0000000000000000       0x28 _build/nrf52832_xxaa/app_error_weak.c.o
 .debug_macro   0x0000000000000000       0x16 _build/nrf52832_xxaa/app_error_weak.c.o
 .debug_macro   0x0000000000000000       0x22 _build/nrf52832_xxaa/app_error_weak.c.o
 .debug_macro   0x0000000000000000       0x16 _build/nrf52832_xxaa/app_error_weak.c.o
 .debug_macro   0x0000000000000000       0x7e _build/nrf52832_xxaa/app_error_weak.c.o
 .debug_macro   0x0000000000000000       0x8c _build/nrf52832_xxaa/app_error_weak.c.o
 .debug_macro   0x0000000000000000       0x10 _build/nrf52832_xxaa/app_error_weak.c.o
 .debug_macro   0x0000000000000000       0x1c _build/nrf52832_xxaa/app_error_weak.c.o
 .debug_line    0x0000000000000000      0x98e _build/nrf52832_xxaa/app_error_weak.c.o
 .debug_str     0x0000000000000000    0x68612 _build/nrf52832_xxaa/app_error_weak.c.o
 .comment       0x0000000000000000       0x80 _build/nrf52832_xxaa/app_error_weak.c.o
 .debug_frame   0x0000000000000000       0x20 _build/nrf52832_xxaa/app_error_weak.c.o
 .ARM.attributes
                0x0000000000000000       0x39 _build/nrf52832_xxaa/app_error_weak.c.o
 .group         0x0000000000000000        0x8 _build/nrf52832_xxaa/app_util_platform.c.o
 .group         0x0000000000000000        0x8 _build/nrf52832_xxaa/app_util_platform.c.o
 .group         0x0000000000000000        0x8 _build/nrf52832_xxaa/app_util_platform.c.o
 .group         0x0000000000000000        0x8 _build/nrf52832_xxaa/app_util_platform.c.o
 .group         0x0000000000000000        0x8 _build/nrf52832_xxaa/app_util_platform.c.o
 .group         0x0000000000000000        0x8 _build/nrf52832_xxaa/app_util_platform.c.o
 .group         0x0000000000000000        0x8 _build/nrf52832_xxaa/app_util_platform.c.o
 .group         0x0000000000000000        0x8 _build/nrf52832_xxaa/app_util_platform.c.o
 .group         0x0000000000000000        0x8 _build/nrf52832_xxaa/app_util_platform.c.o
 .group         0x0000000000000000        0x8 _build/nrf52832_xxaa/app_util_platform.c.o
 .group         0x0000000000000000        0x8 _build/nrf52832_xxaa/app_util_platform.c.o
 .group         0x0000000000000000        0x8 _build/nrf52832_xxaa/app_util_platform.c.o
 .group         0x0000000000000000        0x8 _build/nrf52832_xxaa/app_util_platform.c.o
 .group         0x0000000000000000        0x8 _build/nrf52832_xxaa/app_util_platform.c.o
 .group         0x0000000000000000        0x8 _build/nrf52832_xxaa/app_util_platform.c.o
 .group         0x0000000000000000        0x8 _build/nrf52832_xxaa/app_util_platform.c.o
 .group         0x0000000000000000        0x8 _build/nrf52832_xxaa/app_util_platform.c.o
 .group         0x0000000000000000        0x8 _build/nrf52832_xxaa/app_util_platform.c.o
 .group         0x0000000000000000        0x8 _build/nrf52832_xxaa/app_util_platform.c.o
 .group         0x0000000000000000        0x8 _build/nrf52832_xxaa/app_util_platform.c.o
 .group         0x0000000000000000        0x8 _build/nrf52832_xxaa/app_util_platform.c.o
 .group         0x0000000000000000        0x8 _build/nrf52832_xxaa/app_util_platform.c.o
 .group         0x0000000000000000        0x8 _build/nrf52832_xxaa/app_util_platform.c.o
 .group         0x0000000000000000        0x8 _build/nrf52832_xxaa/app_util_platform.c.o
 .group         0x0000000000000000        0x8 _build/nrf52832_xxaa/app_util_platform.c.o
 .group         0x0000000000000000        0x8 _build/nrf52832_xxaa/app_util_platform.c.o
 .group         0x0000000000000000        0x8 _build/nrf52832_xxaa/app_util_platform.c.o
 .group         0x0000000000000000        0x8 _build/nrf52832_xxaa/app_util_platform.c.o
 .group         0x0000000000000000        0x8 _build/nrf52832_xxaa/app_util_platform.c.o
 .group         0x0000000000000000        0x8 _build/nrf52832_xxaa/app_util_platform.c.o
 .group         0x0000000000000000        0x8 _build/nrf52832_xxaa/app_util_platform.c.o
 .group         0x0000000000000000        0x8 _build/nrf52832_xxaa/app_util_platform.c.o
 .group         0x0000000000000000        0x8 _build/nrf52832_xxaa/app_util_platform.c.o
 .group         0x0000000000000000        0x8 _build/nrf52832_xxaa/app_util_platform.c.o
 .group         0x0000000000000000        0x8 _build/nrf52832_xxaa/app_util_platform.c.o
 .group         0x0000000000000000        0x8 _build/nrf52832_xxaa/app_util_platform.c.o
 .group         0x0000000000000000        0x8 _build/nrf52832_xxaa/app_util_platform.c.o
 .group         0x0000000000000000        0x8 _build/nrf52832_xxaa/app_util_platform.c.o
 .group         0x0000000000000000        0x8 _build/nrf52832_xxaa/app_util_platform.c.o
 .group         0x0000000000000000        0x8 _build/nrf52832_xxaa/app_util_platform.c.o
 .group         0x0000000000000000        0x8 _build/nrf52832_xxaa/app_util_platform.c.o
 .group         0x0000000000000000        0x8 _build/nrf52832_xxaa/app_util_platform.c.o
 .text          0x0000000000000000        0x0 _build/nrf52832_xxaa/app_util_platform.c.o
 .data          0x0000000000000000        0x0 _build/nrf52832_xxaa/app_util_platform.c.o
 .bss           0x0000000000000000        0x0 _build/nrf52832_xxaa/app_util_platform.c.o
 .text.app_util_disable_irq
                0x0000000000000000       0x10 _build/nrf52832_xxaa/app_util_platform.c.o
 .text.app_util_enable_irq
                0x0000000000000000       0x14 _build/nrf52832_xxaa/app_util_platform.c.o
 .text.app_util_critical_region_enter
                0x0000000000000000       0x10 _build/nrf52832_xxaa/app_util_platform.c.o
 .text.app_util_critical_region_exit
                0x0000000000000000       0x14 _build/nrf52832_xxaa/app_util_platform.c.o
 .text.privilege_level_get
                0x0000000000000000       0x1c _build/nrf52832_xxaa/app_util_platform.c.o
 .text.current_int_priority_get
                0x0000000000000000       0x3c _build/nrf52832_xxaa/app_util_platform.c.o
 .bss.m_in_critical_region
                0x0000000000000000        0x4 _build/nrf52832_xxaa/app_util_platform.c.o
 .debug_info    0x0000000000000000      0xfaa _build/nrf52832_xxaa/app_util_platform.c.o
 .debug_abbrev  0x0000000000000000      0x324 _build/nrf52832_xxaa/app_util_platform.c.o
 .debug_loc     0x0000000000000000       0xae _build/nrf52832_xxaa/app_util_platform.c.o
 .debug_aranges
                0x0000000000000000       0x48 _build/nrf52832_xxaa/app_util_platform.c.o
 .debug_ranges  0x0000000000000000       0x50 _build/nrf52832_xxaa/app_util_platform.c.o
 .debug_macro   0x0000000000000000      0x245 _build/nrf52832_xxaa/app_util_platform.c.o
 .debug_macro   0x0000000000000000      0x8c8 _build/nrf52832_xxaa/app_util_platform.c.o
 .debug_macro   0x0000000000000000       0x22 _build/nrf52832_xxaa/app_util_platform.c.o
 .debug_macro   0x0000000000000000       0x4f _build/nrf52832_xxaa/app_util_platform.c.o
 .debug_macro   0x0000000000000000       0x51 _build/nrf52832_xxaa/app_util_platform.c.o
 .debug_macro   0x0000000000000000       0xef _build/nrf52832_xxaa/app_util_platform.c.o
 .debug_macro   0x0000000000000000       0x6a _build/nrf52832_xxaa/app_util_platform.c.o
 .debug_macro   0x0000000000000000      0x1df _build/nrf52832_xxaa/app_util_platform.c.o
 .debug_macro   0x0000000000000000       0x2e _build/nrf52832_xxaa/app_util_platform.c.o
 .debug_macro   0x0000000000000000       0x22 _build/nrf52832_xxaa/app_util_platform.c.o
 .debug_macro   0x0000000000000000       0x2d _build/nrf52832_xxaa/app_util_platform.c.o
 .debug_macro   0x0000000000000000       0x3b _build/nrf52832_xxaa/app_util_platform.c.o
 .debug_macro   0x0000000000000000       0x50 _build/nrf52832_xxaa/app_util_platform.c.o
 .debug_macro   0x0000000000000000      0xe66 _build/nrf52832_xxaa/app_util_platform.c.o
 .debug_macro   0x0000000000000000      0x392 _build/nrf52832_xxaa/app_util_platform.c.o
 .debug_macro   0x0000000000000000     0xcc94 _build/nrf52832_xxaa/app_util_platform.c.o
 .debug_macro   0x0000000000000000     0x1313 _build/nrf52832_xxaa/app_util_platform.c.o
 .debug_macro   0x0000000000000000       0x82 _build/nrf52832_xxaa/app_util_platform.c.o
 .debug_macro   0x0000000000000000       0x58 _build/nrf52832_xxaa/app_util_platform.c.o
 .debug_macro   0x0000000000000000       0x35 _build/nrf52832_xxaa/app_util_platform.c.o
 .debug_macro   0x0000000000000000       0x9c _build/nrf52832_xxaa/app_util_platform.c.o
 .debug_macro   0x0000000000000000       0x16 _build/nrf52832_xxaa/app_util_platform.c.o
 .debug_macro   0x0000000000000000       0x97 _build/nrf52832_xxaa/app_util_platform.c.o
 .debug_macro   0x0000000000000000      0x353 _build/nrf52832_xxaa/app_util_platform.c.o
 .debug_macro   0x0000000000000000       0xf6 _build/nrf52832_xxaa/app_util_platform.c.o
 .debug_macro   0x0000000000000000       0x10 _build/nrf52832_xxaa/app_util_platform.c.o
 .debug_macro   0x0000000000000000       0x58 _build/nrf52832_xxaa/app_util_platform.c.o
 .debug_macro   0x0000000000000000       0x1f _build/nrf52832_xxaa/app_util_platform.c.o
 .debug_macro   0x0000000000000000       0x43 _build/nrf52832_xxaa/app_util_platform.c.o
 .debug_macro   0x0000000000000000       0x20 _build/nrf52832_xxaa/app_util_platform.c.o
 .debug_macro   0x0000000000000000      0x187 _build/nrf52832_xxaa/app_util_platform.c.o
 .debug_macro   0x0000000000000000       0x10 _build/nrf52832_xxaa/app_util_platform.c.o
 .debug_macro   0x0000000000000000       0xb6 _build/nrf52832_xxaa/app_util_platform.c.o
 .debug_macro   0x0000000000000000       0x16 _build/nrf52832_xxaa/app_util_platform.c.o
 .debug_macro   0x0000000000000000      0x145 _build/nrf52832_xxaa/app_util_platform.c.o
 .debug_macro   0x0000000000000000       0x22 _build/nrf52832_xxaa/app_util_platform.c.o
 .debug_macro   0x0000000000000000       0x8e _build/nrf52832_xxaa/app_util_platform.c.o
 .debug_macro   0x0000000000000000      0x4b4 _build/nrf52832_xxaa/app_util_platform.c.o
 .debug_macro   0x0000000000000000       0x9b _build/nrf52832_xxaa/app_util_platform.c.o
 .debug_macro   0x0000000000000000      0x16d _build/nrf52832_xxaa/app_util_platform.c.o
 .debug_macro   0x0000000000000000       0x2b _build/nrf52832_xxaa/app_util_platform.c.o
 .debug_macro   0x0000000000000000       0x10 _build/nrf52832_xxaa/app_util_platform.c.o
 .debug_macro   0x0000000000000000       0x7e _build/nrf52832_xxaa/app_util_platform.c.o
 .debug_line    0x0000000000000000      0x684 _build/nrf52832_xxaa/app_util_platform.c.o
 .debug_str     0x0000000000000000    0x619ce _build/nrf52832_xxaa/app_util_platform.c.o
 .comment       0x0000000000000000       0x80 _build/nrf52832_xxaa/app_util_platform.c.o
 .debug_frame   0x0000000000000000       0x70 _build/nrf52832_xxaa/app_util_platform.c.o
 .ARM.attributes
                0x0000000000000000       0x39 _build/nrf52832_xxaa/app_util_platform.c.o
 .group         0x0000000000000000        0x8 _build/nrf52832_xxaa/nrf_assert.c.o
 .group         0x0000000000000000        0x8 _build/nrf52832_xxaa/nrf_assert.c.o
 .group         0x0000000000000000        0x8 _build/nrf52832_xxaa/nrf_assert.c.o
 .group         0x0000000000000000        0x8 _build/nrf52832_xxaa/nrf_assert.c.o
 .group         0x0000000000000000        0x8 _build/nrf52832_xxaa/nrf_assert.c.o
 .group         0x0000000000000000        0x8 _build/nrf52832_xxaa/nrf_assert.c.o
 .group         0x0000000000000000        0x8 _build/nrf52832_xxaa/nrf_assert.c.o
 .group         0x0000000000000000        0x8 _build/nrf52832_xxaa/nrf_assert.c.o
 .group         0x0000000000000000        0x8 _build/nrf52832_xxaa/nrf_assert.c.o
 .group         0x0000000000000000        0x8 _build/nrf52832_xxaa/nrf_assert.c.o
 .group         0x0000000000000000        0x8 _build/nrf52832_xxaa/nrf_assert.c.o
 .group         0x0000000000000000        0x8 _build/nrf52832_xxaa/nrf_assert.c.o
 .group         0x0000000000000000        0x8 _build/nrf52832_xxaa/nrf_assert.c.o
 .group         0x0000000000000000        0x8 _build/nrf52832_xxaa/nrf_assert.c.o
 .group         0x0000000000000000        0x8 _build/nrf52832_xxaa/nrf_assert.c.o
 .group         0x0000000000000000        0x8 _build/nrf52832_xxaa/nrf_assert.c.o
 .group         0x0000000000000000        0x8 _build/nrf52832_xxaa/nrf_assert.c.o
 .group         0x0000000000000000        0x8 _build/nrf52832_xxaa/nrf_assert.c.o
 .group         0x0000000000000000        0x8 _build/nrf52832_xxaa/nrf_assert.c.o
 .group         0x0000000000000000        0x8 _build/nrf52832_xxaa/nrf_assert.c.o
 .group         0x0000000000000000        0x8 _build/nrf52832_xxaa/nrf_assert.c.o
 .group         0x0000000000000000        0x8 _build/nrf52832_xxaa/nrf_assert.c.o
 .group         0x0000000000000000        0x8 _build/nrf52832_xxaa/nrf_assert.c.o
 .group         0x0000000000000000        0x8 _build/nrf52832_xxaa/nrf_assert.c.o
 .group         0x0000000000000000        0x8 _build/nrf52832_xxaa/nrf_assert.c.o
 .group         0x0000000000000000        0x8 _build/nrf52832_xxaa/nrf_assert.c.o
 .group         0x0000000000000000        0x8 _build/nrf52832_xxaa/nrf_assert.c.o
 .group         0x0000000000000000        0x8 _build/nrf52832_xxaa/nrf_assert.c.o
 .group         0x0000000000000000        0x8 _build/nrf52832_xxaa/nrf_assert.c.o
 .group         0x0000000000000000        0x8 _build/nrf52832_xxaa/nrf_assert.c.o
 .group         0x0000000000000000        0x8 _build/nrf52832_xxaa/nrf_assert.c.o
 .group         0x0000000000000000        0x8 _build/nrf52832_xxaa/nrf_assert.c.o
 .group         0x0000000000000000        0x8 _build/nrf52832_xxaa/nrf_assert.c.o
 .group         0x0000000000000000        0x8 _build/nrf52832_xxaa/nrf_assert.c.o
 .group         0x0000000000000000        0x8 _build/nrf52832_xxaa/nrf_assert.c.o
 .group         0x0000000000000000        0x8 _build/nrf52832_xxaa/nrf_assert.c.o
 .group         0x0000000000000000        0x8 _build/nrf52832_xxaa/nrf_assert.c.o
 .group         0x0000000000000000        0x8 _build/nrf52832_xxaa/nrf_assert.c.o
 .group         0x0000000000000000        0x8 _build/nrf52832_xxaa/nrf_assert.c.o
 .group         0x0000000000000000        0x8 _build/nrf52832_xxaa/nrf_assert.c.o
 .group         0x0000000000000000        0x8 _build/nrf52832_xxaa/nrf_assert.c.o
 .text          0x0000000000000000        0x0 _build/nrf52832_xxaa/nrf_assert.c.o
 .data          0x0000000000000000        0x0 _build/nrf52832_xxaa/nrf_assert.c.o
 .bss           0x0000000000000000        0x0 _build/nrf52832_xxaa/nrf_assert.c.o
 .text.assert_nrf_callback
                0x0000000000000000       0x1c _build/nrf52832_xxaa/nrf_assert.c.o
 .debug_info    0x0000000000000000      0x9ad _build/nrf52832_xxaa/nrf_assert.c.o
 .debug_abbrev  0x0000000000000000      0x1f9 _build/nrf52832_xxaa/nrf_assert.c.o
 .debug_loc     0x0000000000000000       0x5a _build/nrf52832_xxaa/nrf_assert.c.o
 .debug_aranges
                0x0000000000000000       0x20 _build/nrf52832_xxaa/nrf_assert.c.o
 .debug_ranges  0x0000000000000000       0x10 _build/nrf52832_xxaa/nrf_assert.c.o
 .debug_macro   0x0000000000000000      0x232 _build/nrf52832_xxaa/nrf_assert.c.o
 .debug_macro   0x0000000000000000      0x8c8 _build/nrf52832_xxaa/nrf_assert.c.o
 .debug_macro   0x0000000000000000       0x22 _build/nrf52832_xxaa/nrf_assert.c.o
 .debug_macro   0x0000000000000000       0x4f _build/nrf52832_xxaa/nrf_assert.c.o
 .debug_macro   0x0000000000000000       0x51 _build/nrf52832_xxaa/nrf_assert.c.o
 .debug_macro   0x0000000000000000       0xef _build/nrf52832_xxaa/nrf_assert.c.o
 .debug_macro   0x0000000000000000       0x6a _build/nrf52832_xxaa/nrf_assert.c.o
 .debug_macro   0x0000000000000000      0x1df _build/nrf52832_xxaa/nrf_assert.c.o
 .debug_macro   0x0000000000000000       0x22 _build/nrf52832_xxaa/nrf_assert.c.o
 .debug_macro   0x0000000000000000       0x2d _build/nrf52832_xxaa/nrf_assert.c.o
 .debug_macro   0x0000000000000000       0x3b _build/nrf52832_xxaa/nrf_assert.c.o
 .debug_macro   0x0000000000000000       0x50 _build/nrf52832_xxaa/nrf_assert.c.o
 .debug_macro   0x0000000000000000      0xe66 _build/nrf52832_xxaa/nrf_assert.c.o
 .debug_macro   0x0000000000000000      0x392 _build/nrf52832_xxaa/nrf_assert.c.o
 .debug_macro   0x0000000000000000     0xcc94 _build/nrf52832_xxaa/nrf_assert.c.o
 .debug_macro   0x0000000000000000     0x1313 _build/nrf52832_xxaa/nrf_assert.c.o
 .debug_macro   0x0000000000000000       0x82 _build/nrf52832_xxaa/nrf_assert.c.o
 .debug_macro   0x0000000000000000       0x22 _build/nrf52832_xxaa/nrf_assert.c.o
 .debug_macro   0x0000000000000000       0x58 _build/nrf52832_xxaa/nrf_assert.c.o
 .debug_macro   0x0000000000000000       0x35 _build/nrf52832_xxaa/nrf_assert.c.o
 .debug_macro   0x0000000000000000       0x9c _build/nrf52832_xxaa/nrf_assert.c.o
 .debug_macro   0x0000000000000000       0x16 _build/nrf52832_xxaa/nrf_assert.c.o
 .debug_macro   0x0000000000000000       0x97 _build/nrf52832_xxaa/nrf_assert.c.o
 .debug_macro   0x0000000000000000      0x353 _build/nrf52832_xxaa/nrf_assert.c.o
 .debug_macro   0x0000000000000000       0xf6 _build/nrf52832_xxaa/nrf_assert.c.o
 .debug_macro   0x0000000000000000       0x10 _build/nrf52832_xxaa/nrf_assert.c.o
 .debug_macro   0x0000000000000000       0x58 _build/nrf52832_xxaa/nrf_assert.c.o
 .debug_macro   0x0000000000000000       0x1f _build/nrf52832_xxaa/nrf_assert.c.o
 .debug_macro   0x0000000000000000       0x43 _build/nrf52832_xxaa/nrf_assert.c.o
 .debug_macro   0x0000000000000000       0x20 _build/nrf52832_xxaa/nrf_assert.c.o
 .debug_macro   0x0000000000000000      0x187 _build/nrf52832_xxaa/nrf_assert.c.o
 .debug_macro   0x0000000000000000       0x10 _build/nrf52832_xxaa/nrf_assert.c.o
 .debug_macro   0x0000000000000000       0xb6 _build/nrf52832_xxaa/nrf_assert.c.o
 .debug_macro   0x0000000000000000       0x16 _build/nrf52832_xxaa/nrf_assert.c.o
 .debug_macro   0x0000000000000000      0x145 _build/nrf52832_xxaa/nrf_assert.c.o
 .debug_macro   0x0000000000000000       0x22 _build/nrf52832_xxaa/nrf_assert.c.o
 .debug_macro   0x0000000000000000       0x8e _build/nrf52832_xxaa/nrf_assert.c.o
 .debug_macro   0x0000000000000000      0x4b4 _build/nrf52832_xxaa/nrf_assert.c.o
 .debug_macro   0x0000000000000000       0x9b _build/nrf52832_xxaa/nrf_assert.c.o
 .debug_macro   0x0000000000000000      0x16d _build/nrf52832_xxaa/nrf_assert.c.o
 .debug_macro   0x0000000000000000       0x2b _build/nrf52832_xxaa/nrf_assert.c.o
 .debug_macro   0x0000000000000000       0x10 _build/nrf52832_xxaa/nrf_assert.c.o
 .debug_line    0x0000000000000000      0x5c5 _build/nrf52832_xxaa/nrf_assert.c.o
 .debug_str     0x0000000000000000    0x612b5 _build/nrf52832_xxaa/nrf_assert.c.o
 .comment       0x0000000000000000       0x80 _build/nrf52832_xxaa/nrf_assert.c.o
 .debug_frame   0x0000000000000000       0x2c _build/nrf52832_xxaa/nrf_assert.c.o
 .ARM.attributes
                0x0000000000000000       0x39 _build/nrf52832_xxaa/nrf_assert.c.o
 .group         0x0000000000000000        0x8 _build/nrf52832_xxaa/nrf_strerror.c.o
 .group         0x0000000000000000        0x8 _build/nrf52832_xxaa/nrf_strerror.c.o
 .group         0x0000000000000000        0x8 _build/nrf52832_xxaa/nrf_strerror.c.o
 .group         0x0000000000000000        0x8 _build/nrf52832_xxaa/nrf_strerror.c.o
 .group         0x0000000000000000        0x8 _build/nrf52832_xxaa/nrf_strerror.c.o
 .group         0x0000000000000000        0x8 _build/nrf52832_xxaa/nrf_strerror.c.o
 .group         0x0000000000000000        0x8 _build/nrf52832_xxaa/nrf_strerror.c.o
 .group         0x0000000000000000        0x8 _build/nrf52832_xxaa/nrf_strerror.c.o
 .group         0x0000000000000000        0x8 _build/nrf52832_xxaa/nrf_strerror.c.o
 .group         0x0000000000000000        0x8 _build/nrf52832_xxaa/nrf_strerror.c.o
 .group         0x0000000000000000        0x8 _build/nrf52832_xxaa/nrf_strerror.c.o
 .group         0x0000000000000000        0x8 _build/nrf52832_xxaa/nrf_strerror.c.o
 .group         0x0000000000000000        0x8 _build/nrf52832_xxaa/nrf_strerror.c.o
 .group         0x0000000000000000        0x8 _build/nrf52832_xxaa/nrf_strerror.c.o
 .group         0x0000000000000000        0x8 _build/nrf52832_xxaa/nrf_strerror.c.o
 .group         0x0000000000000000        0x8 _build/nrf52832_xxaa/nrf_strerror.c.o
 .group         0x0000000000000000        0x8 _build/nrf52832_xxaa/nrf_strerror.c.o
 .group         0x0000000000000000        0x8 _build/nrf52832_xxaa/nrf_strerror.c.o
 .group         0x0000000000000000        0x8 _build/nrf52832_xxaa/nrf_strerror.c.o
 .group         0x0000000000000000        0x8 _build/nrf52832_xxaa/nrf_strerror.c.o
 .group         0x0000000000000000        0x8 _build/nrf52832_xxaa/nrf_strerror.c.o
 .group         0x0000000000000000        0x8 _build/nrf52832_xxaa/nrf_strerror.c.o
 .group         0x0000000000000000        0x8 _build/nrf52832_xxaa/nrf_strerror.c.o
 .group         0x0000000000000000        0x8 _build/nrf52832_xxaa/nrf_strerror.c.o
 .group         0x0000000000000000        0x8 _build/nrf52832_xxaa/nrf_strerror.c.o
 .group         0x0000000000000000        0x8 _build/nrf52832_xxaa/nrf_strerror.c.o
 .group         0x0000000000000000        0x8 _build/nrf52832_xxaa/nrf_strerror.c.o
 .group         0x0000000000000000        0x8 _build/nrf52832_xxaa/nrf_strerror.c.o
 .group         0x0000000000000000        0x8 _build/nrf52832_xxaa/nrf_strerror.c.o
 .group         0x0000000000000000        0x8 _build/nrf52832_xxaa/nrf_strerror.c.o
 .group         0x0000000000000000        0x8 _build/nrf52832_xxaa/nrf_strerror.c.o
 .group         0x0000000000000000        0x8 _build/nrf52832_xxaa/nrf_strerror.c.o
 .group         0x0000000000000000        0x8 _build/nrf52832_xxaa/nrf_strerror.c.o
 .group         0x0000000000000000        0x8 _build/nrf52832_xxaa/nrf_strerror.c.o
 .group         0x0000000000000000        0x8 _build/nrf52832_xxaa/nrf_strerror.c.o
 .group         0x0000000000000000        0x8 _build/nrf52832_xxaa/nrf_strerror.c.o
 .group         0x0000000000000000        0x8 _build/nrf52832_xxaa/nrf_strerror.c.o
 .text          0x0000000000000000        0x0 _build/nrf52832_xxaa/nrf_strerror.c.o
 .data          0x0000000000000000        0x0 _build/nrf52832_xxaa/nrf_strerror.c.o
 .bss           0x0000000000000000        0x0 _build/nrf52832_xxaa/nrf_strerror.c.o
 .text.nrf_strerror_get
                0x0000000000000000       0x6c _build/nrf52832_xxaa/nrf_strerror.c.o
 .text.nrf_strerror_find
                0x0000000000000000       0x60 _build/nrf52832_xxaa/nrf_strerror.c.o
 .rodata.m_unknown_str
                0x0000000000000000       0x13 _build/nrf52832_xxaa/nrf_strerror.c.o
 .rodata.nrf_strerror_array
                0x0000000000000000       0xf0 _build/nrf52832_xxaa/nrf_strerror.c.o
 .rodata.str1.4
                0x0000000000000000      0x308 _build/nrf52832_xxaa/nrf_strerror.c.o
 .debug_info    0x0000000000000000      0xa8b _build/nrf52832_xxaa/nrf_strerror.c.o
 .debug_abbrev  0x0000000000000000      0x23d _build/nrf52832_xxaa/nrf_strerror.c.o
 .debug_loc     0x0000000000000000      0x2db _build/nrf52832_xxaa/nrf_strerror.c.o
 .debug_aranges
                0x0000000000000000       0x28 _build/nrf52832_xxaa/nrf_strerror.c.o
 .debug_ranges  0x0000000000000000       0x80 _build/nrf52832_xxaa/nrf_strerror.c.o
 .debug_macro   0x0000000000000000      0x20a _build/nrf52832_xxaa/nrf_strerror.c.o
 .debug_macro   0x0000000000000000      0x8c8 _build/nrf52832_xxaa/nrf_strerror.c.o
 .debug_macro   0x0000000000000000       0x22 _build/nrf52832_xxaa/nrf_strerror.c.o
 .debug_macro   0x0000000000000000       0x4f _build/nrf52832_xxaa/nrf_strerror.c.o
 .debug_macro   0x0000000000000000       0x51 _build/nrf52832_xxaa/nrf_strerror.c.o
 .debug_macro   0x0000000000000000       0xef _build/nrf52832_xxaa/nrf_strerror.c.o
 .debug_macro   0x0000000000000000       0x6a _build/nrf52832_xxaa/nrf_strerror.c.o
 .debug_macro   0x0000000000000000      0x1df _build/nrf52832_xxaa/nrf_strerror.c.o
 .debug_macro   0x0000000000000000       0x22 _build/nrf52832_xxaa/nrf_strerror.c.o
 .debug_macro   0x0000000000000000       0x58 _build/nrf52832_xxaa/nrf_strerror.c.o
 .debug_macro   0x0000000000000000       0x35 _build/nrf52832_xxaa/nrf_strerror.c.o
 .debug_macro   0x0000000000000000       0x9c _build/nrf52832_xxaa/nrf_strerror.c.o
 .debug_macro   0x0000000000000000      0x16d _build/nrf52832_xxaa/nrf_strerror.c.o
 .debug_macro   0x0000000000000000       0x58 _build/nrf52832_xxaa/nrf_strerror.c.o
 .debug_macro   0x0000000000000000       0x1f _build/nrf52832_xxaa/nrf_strerror.c.o
 .debug_macro   0x0000000000000000       0x43 _build/nrf52832_xxaa/nrf_strerror.c.o
 .debug_macro   0x0000000000000000       0x20 _build/nrf52832_xxaa/nrf_strerror.c.o
 .debug_macro   0x0000000000000000      0x187 _build/nrf52832_xxaa/nrf_strerror.c.o
 .debug_macro   0x0000000000000000      0x353 _build/nrf52832_xxaa/nrf_strerror.c.o
 .debug_macro   0x0000000000000000       0x10 _build/nrf52832_xxaa/nrf_strerror.c.o
 .debug_macro   0x0000000000000000       0x35 _build/nrf52832_xxaa/nrf_strerror.c.o
 .debug_macro   0x0000000000000000      0x4b4 _build/nrf52832_xxaa/nrf_strerror.c.o
 .debug_macro   0x0000000000000000      0x16d _build/nrf52832_xxaa/nrf_strerror.c.o
 .debug_macro   0x0000000000000000       0x2e _build/nrf52832_xxaa/nrf_strerror.c.o
 .debug_macro   0x0000000000000000       0x22 _build/nrf52832_xxaa/nrf_strerror.c.o
 .debug_macro   0x0000000000000000       0x8e _build/nrf52832_xxaa/nrf_strerror.c.o
 .debug_macro   0x0000000000000000       0x9b _build/nrf52832_xxaa/nrf_strerror.c.o
 .debug_macro   0x0000000000000000       0x22 _build/nrf52832_xxaa/nrf_strerror.c.o
 .debug_macro   0x0000000000000000       0x2d _build/nrf52832_xxaa/nrf_strerror.c.o
 .debug_macro   0x0000000000000000       0x3b _build/nrf52832_xxaa/nrf_strerror.c.o
 .debug_macro   0x0000000000000000       0x50 _build/nrf52832_xxaa/nrf_strerror.c.o
 .debug_macro   0x0000000000000000      0xe66 _build/nrf52832_xxaa/nrf_strerror.c.o
 .debug_macro   0x0000000000000000      0x392 _build/nrf52832_xxaa/nrf_strerror.c.o
 .debug_macro   0x0000000000000000     0xcc94 _build/nrf52832_xxaa/nrf_strerror.c.o
 .debug_macro   0x0000000000000000     0x1313 _build/nrf52832_xxaa/nrf_strerror.c.o
 .debug_macro   0x0000000000000000       0x82 _build/nrf52832_xxaa/nrf_strerror.c.o
 .debug_macro   0x0000000000000000      0x49d _build/nrf52832_xxaa/nrf_strerror.c.o
 .debug_macro   0x0000000000000000       0x4b _build/nrf52832_xxaa/nrf_strerror.c.o
 .debug_line    0x0000000000000000      0x654 _build/nrf52832_xxaa/nrf_strerror.c.o
 .debug_str     0x0000000000000000    0x64e18 _build/nrf52832_xxaa/nrf_strerror.c.o
 .comment       0x0000000000000000       0x80 _build/nrf52832_xxaa/nrf_strerror.c.o
 .debug_frame   0x0000000000000000       0x50 _build/nrf52832_xxaa/nrf_strerror.c.o
 .ARM.attributes
                0x0000000000000000       0x39 _build/nrf52832_xxaa/nrf_strerror.c.o
 .text          0x0000000000000000        0x0 /usr/local/gcc-arm-none-eabi-6-2017-q2-update/bin/../lib/gcc/arm-none-eabi/6.3.1/../../../../arm-none-eabi/lib/thumb/v7e-m/fpv4-sp/hard/libc_nano.a(lib_a-exit.o)
 .data          0x0000000000000000        0x0 /usr/local/gcc-arm-none-eabi-6-2017-q2-update/bin/../lib/gcc/arm-none-eabi/6.3.1/../../../../arm-none-eabi/lib/thumb/v7e-m/fpv4-sp/hard/libc_nano.a(lib_a-exit.o)
 .bss           0x0000000000000000        0x0 /usr/local/gcc-arm-none-eabi-6-2017-q2-update/bin/../lib/gcc/arm-none-eabi/6.3.1/../../../../arm-none-eabi/lib/thumb/v7e-m/fpv4-sp/hard/libc_nano.a(lib_a-exit.o)
 .text          0x0000000000000000        0x0 /usr/local/gcc-arm-none-eabi-6-2017-q2-update/bin/../lib/gcc/arm-none-eabi/6.3.1/../../../../arm-none-eabi/lib/thumb/v7e-m/fpv4-sp/hard/libc_nano.a(lib_a-impure.o)
 .data          0x0000000000000000        0x0 /usr/local/gcc-arm-none-eabi-6-2017-q2-update/bin/../lib/gcc/arm-none-eabi/6.3.1/../../../../arm-none-eabi/lib/thumb/v7e-m/fpv4-sp/hard/libc_nano.a(lib_a-impure.o)
 .bss           0x0000000000000000        0x0 /usr/local/gcc-arm-none-eabi-6-2017-q2-update/bin/../lib/gcc/arm-none-eabi/6.3.1/../../../../arm-none-eabi/lib/thumb/v7e-m/fpv4-sp/hard/libc_nano.a(lib_a-impure.o)
 .data._impure_ptr
                0x0000000000000000        0x4 /usr/local/gcc-arm-none-eabi-6-2017-q2-update/bin/../lib/gcc/arm-none-eabi/6.3.1/../../../../arm-none-eabi/lib/thumb/v7e-m/fpv4-sp/hard/libc_nano.a(lib_a-impure.o)
 .text          0x0000000000000000        0x0 /usr/local/gcc-arm-none-eabi-6-2017-q2-update/bin/../lib/gcc/arm-none-eabi/6.3.1/../../../../arm-none-eabi/lib/thumb/v7e-m/fpv4-sp/hard/libc_nano.a(lib_a-init.o)
 .data          0x0000000000000000        0x0 /usr/local/gcc-arm-none-eabi-6-2017-q2-update/bin/../lib/gcc/arm-none-eabi/6.3.1/../../../../arm-none-eabi/lib/thumb/v7e-m/fpv4-sp/hard/libc_nano.a(lib_a-init.o)
 .bss           0x0000000000000000        0x0 /usr/local/gcc-arm-none-eabi-6-2017-q2-update/bin/../lib/gcc/arm-none-eabi/6.3.1/../../../../arm-none-eabi/lib/thumb/v7e-m/fpv4-sp/hard/libc_nano.a(lib_a-init.o)
 .text          0x0000000000000000        0x0 /usr/local/gcc-arm-none-eabi-6-2017-q2-update/bin/../lib/gcc/arm-none-eabi/6.3.1/../../../../arm-none-eabi/lib/thumb/v7e-m/fpv4-sp/hard/libc_nano.a(lib_a-memset.o)
 .data          0x0000000000000000        0x0 /usr/local/gcc-arm-none-eabi-6-2017-q2-update/bin/../lib/gcc/arm-none-eabi/6.3.1/../../../../arm-none-eabi/lib/thumb/v7e-m/fpv4-sp/hard/libc_nano.a(lib_a-memset.o)
 .bss           0x0000000000000000        0x0 /usr/local/gcc-arm-none-eabi-6-2017-q2-update/bin/../lib/gcc/arm-none-eabi/6.3.1/../../../../arm-none-eabi/lib/thumb/v7e-m/fpv4-sp/hard/libc_nano.a(lib_a-memset.o)
 .text          0x0000000000000000        0x0 /usr/local/gcc-arm-none-eabi-6-2017-q2-update/bin/../lib/gcc/arm-none-eabi/6.3.1/../../../../arm-none-eabi/lib/thumb/v7e-m/fpv4-sp/hard/libnosys.a(_exit.o)
 .data          0x0000000000000000        0x0 /usr/local/gcc-arm-none-eabi-6-2017-q2-update/bin/../lib/gcc/arm-none-eabi/6.3.1/../../../../arm-none-eabi/lib/thumb/v7e-m/fpv4-sp/hard/libnosys.a(_exit.o)
 .bss           0x0000000000000000        0x0 /usr/local/gcc-arm-none-eabi-6-2017-q2-update/bin/../lib/gcc/arm-none-eabi/6.3.1/../../../../arm-none-eabi/lib/thumb/v7e-m/fpv4-sp/hard/libnosys.a(_exit.o)
 .text          0x0000000000000000        0x0 /usr/local/gcc-arm-none-eabi-6-2017-q2-update/bin/../lib/gcc/arm-none-eabi/6.3.1/thumb/v7e-m/fpv4-sp/hard/crtend.o
 .data          0x0000000000000000        0x0 /usr/local/gcc-arm-none-eabi-6-2017-q2-update/bin/../lib/gcc/arm-none-eabi/6.3.1/thumb/v7e-m/fpv4-sp/hard/crtend.o
 .bss           0x0000000000000000        0x0 /usr/local/gcc-arm-none-eabi-6-2017-q2-update/bin/../lib/gcc/arm-none-eabi/6.3.1/thumb/v7e-m/fpv4-sp/hard/crtend.o
 .text          0x0000000000000000        0x0 /usr/local/gcc-arm-none-eabi-6-2017-q2-update/bin/../lib/gcc/arm-none-eabi/6.3.1/thumb/v7e-m/fpv4-sp/hard/crtn.o
 .data          0x0000000000000000        0x0 /usr/local/gcc-arm-none-eabi-6-2017-q2-update/bin/../lib/gcc/arm-none-eabi/6.3.1/thumb/v7e-m/fpv4-sp/hard/crtn.o
 .bss           0x0000000000000000        0x0 /usr/local/gcc-arm-none-eabi-6-2017-q2-update/bin/../lib/gcc/arm-none-eabi/6.3.1/thumb/v7e-m/fpv4-sp/hard/crtn.o

Memory Configuration

Name             Origin             Length             Attributes
FLASH            0x0000000000000000 0x0000000000080000 xr
RAM              0x0000000020000000 0x0000000000010000 xrw
*default*        0x0000000000000000 0xffffffffffffffff

Linker script and memory map


.text           0x0000000000000000      0x858
 *(.isr_vector)
 .isr_vector    0x0000000000000000      0x200 _build/nrf52832_xxaa/gcc_startup_nrf52.S.o
                0x0000000000000000                __isr_vector
 *(.text*)
 .text          0x0000000000000200       0x6c /usr/local/gcc-arm-none-eabi-6-2017-q2-update/bin/../lib/gcc/arm-none-eabi/6.3.1/thumb/v7e-m/fpv4-sp/hard/crtbegin.o
 .text          0x000000000000026c       0x74 /usr/local/gcc-arm-none-eabi-6-2017-q2-update/bin/../lib/gcc/arm-none-eabi/6.3.1/../../../../arm-none-eabi/lib/thumb/v7e-m/fpv4-sp/hard/crt0.o
                0x000000000000026c                _mainCRTStartup
                0x000000000000026c                _start
 .text          0x00000000000002e0       0x3c _build/nrf52832_xxaa/gcc_startup_nrf52.S.o
                0x00000000000002e0                Reset_Handler
                0x0000000000000308                NMI_Handler
                0x000000000000030a                HardFault_Handler
                0x000000000000030c                MemoryManagement_Handler
                0x000000000000030e                BusFault_Handler
                0x0000000000000310                UsageFault_Handler
                0x0000000000000312                SVC_Handler
                0x0000000000000314                DebugMon_Handler
                0x0000000000000316                PendSV_Handler
                0x0000000000000318                SysTick_Handler
                0x000000000000031a                QDEC_IRQHandler
                0x000000000000031a                TIMER3_IRQHandler
                0x000000000000031a                FPU_IRQHandler
                0x000000000000031a                SPIM0_SPIS0_TWIM0_TWIS0_SPI0_TWI0_IRQHandler
                0x000000000000031a                UARTE0_UART0_IRQHandler
                0x000000000000031a                TIMER4_IRQHandler
                0x000000000000031a                I2S_IRQHandler
                0x000000000000031a                SWI4_EGU4_IRQHandler
                0x000000000000031a                TIMER0_IRQHandler
                0x000000000000031a                TIMER1_IRQHandler
                0x000000000000031a                PWM2_IRQHandler
                0x000000000000031a                ECB_IRQHandler
                0x000000000000031a                SPIM1_SPIS1_TWIM1_TWIS1_SPI1_TWI1_IRQHandler
                0x000000000000031a                Default_Handler
                0x000000000000031a                SAADC_IRQHandler
                0x000000000000031a                CCM_AAR_IRQHandler
                0x000000000000031a                WDT_IRQHandler
                0x000000000000031a                SWI5_EGU5_IRQHandler
                0x000000000000031a                RNG_IRQHandler
                0x000000000000031a                RTC2_IRQHandler
                0x000000000000031a                PWM0_IRQHandler
                0x000000000000031a                SWI3_EGU3_IRQHandler
                0x000000000000031a                RTC1_IRQHandler
                0x000000000000031a                SWI1_EGU1_IRQHandler
                0x000000000000031a                SPIM2_SPIS2_SPI2_IRQHandler
                0x000000000000031a                NFCT_IRQHandler
                0x000000000000031a                MWU_IRQHandler
                0x000000000000031a                TIMER2_IRQHandler
                0x000000000000031a                COMP_LPCOMP_IRQHandler
                0x000000000000031a                RTC0_IRQHandler
                0x000000000000031a                SWI0_EGU0_IRQHandler
                0x000000000000031a                SWI2_EGU2_IRQHandler
                0x000000000000031a                GPIOTE_IRQHandler
                0x000000000000031a                PWM1_IRQHandler
                0x000000000000031a                POWER_CLOCK_IRQHandler
                0x000000000000031a                RADIO_IRQHandler
                0x000000000000031a                PDM_IRQHandler
                0x000000000000031a                TEMP_IRQHandler
 .text.SystemInit
                0x000000000000031c      0x390 _build/nrf52832_xxaa/system_nrf52.c.o
                0x000000000000031c                SystemInit
 .text.startup.main
                0x00000000000006ac       0xa4 _build/nrf52832_xxaa/main.c.o
                0x00000000000006ac                main
 .text.bsp_board_led_invert
                0x0000000000000750       0x24 _build/nrf52832_xxaa/boards.c.o
                0x0000000000000750                bsp_board_led_invert
 .text.bsp_board_leds_init
                0x0000000000000774       0x3c _build/nrf52832_xxaa/boards.c.o
                0x0000000000000774                bsp_board_leds_init
 .text.exit     0x00000000000007b0       0x28 /usr/local/gcc-arm-none-eabi-6-2017-q2-update/bin/../lib/gcc/arm-none-eabi/6.3.1/../../../../arm-none-eabi/lib/thumb/v7e-m/fpv4-sp/hard/libc_nano.a(lib_a-exit.o)
                0x00000000000007b0                exit
 .text.__libc_init_array
                0x00000000000007d8       0x48 /usr/local/gcc-arm-none-eabi-6-2017-q2-update/bin/../lib/gcc/arm-none-eabi/6.3.1/../../../../arm-none-eabi/lib/thumb/v7e-m/fpv4-sp/hard/libc_nano.a(lib_a-init.o)
                0x00000000000007d8                __libc_init_array
 .text.memset   0x0000000000000820       0x10 /usr/local/gcc-arm-none-eabi-6-2017-q2-update/bin/../lib/gcc/arm-none-eabi/6.3.1/../../../../arm-none-eabi/lib/thumb/v7e-m/fpv4-sp/hard/libc_nano.a(lib_a-memset.o)
                0x0000000000000820                memset
 .text._exit    0x0000000000000830        0x4 /usr/local/gcc-arm-none-eabi-6-2017-q2-update/bin/../lib/gcc/arm-none-eabi/6.3.1/../../../../arm-none-eabi/lib/thumb/v7e-m/fpv4-sp/hard/libnosys.a(_exit.o)
                0x0000000000000830                _exit
 *(.init)
 .init          0x0000000000000834        0x4 /usr/local/gcc-arm-none-eabi-6-2017-q2-update/bin/../lib/gcc/arm-none-eabi/6.3.1/thumb/v7e-m/fpv4-sp/hard/crti.o
                0x0000000000000834                _init
 .init          0x0000000000000838        0x8 /usr/local/gcc-arm-none-eabi-6-2017-q2-update/bin/../lib/gcc/arm-none-eabi/6.3.1/thumb/v7e-m/fpv4-sp/hard/crtn.o
 *(.fini)
 .fini          0x0000000000000840        0x4 /usr/local/gcc-arm-none-eabi-6-2017-q2-update/bin/../lib/gcc/arm-none-eabi/6.3.1/thumb/v7e-m/fpv4-sp/hard/crti.o
                0x0000000000000840                _fini
 .fini          0x0000000000000844        0x8 /usr/local/gcc-arm-none-eabi-6-2017-q2-update/bin/../lib/gcc/arm-none-eabi/6.3.1/thumb/v7e-m/fpv4-sp/hard/crtn.o
 *crtbegin.o(.ctors)
 *crtbegin?.o(.ctors)
 *(EXCLUDE_FILE(*crtend.o *crtend?.o) .ctors)
 *(SORT(.ctors.*))
 *(.ctors)
 *crtbegin.o(.dtors)
 *crtbegin?.o(.dtors)
 *(EXCLUDE_FILE(*crtend.o *crtend?.o) .dtors)
 *(SORT(.dtors.*))
 *(.dtors)
 *(.rodata*)
 .rodata.m_board_led_list
                0x000000000000084c        0x4 _build/nrf52832_xxaa/boards.c.o
 .rodata._global_impure_ptr
                0x0000000000000850        0x4 /usr/local/gcc-arm-none-eabi-6-2017-q2-update/bin/../lib/gcc/arm-none-eabi/6.3.1/../../../../arm-none-eabi/lib/thumb/v7e-m/fpv4-sp/hard/libc_nano.a(lib_a-impure.o)
                0x0000000000000850                _global_impure_ptr
 *(.eh_frame*)
 .eh_frame      0x0000000000000854        0x0 /usr/local/gcc-arm-none-eabi-6-2017-q2-update/bin/../lib/gcc/arm-none-eabi/6.3.1/thumb/v7e-m/fpv4-sp/hard/crtbegin.o
 .eh_frame      0x0000000000000854        0x4 /usr/local/gcc-arm-none-eabi-6-2017-q2-update/bin/../lib/gcc/arm-none-eabi/6.3.1/thumb/v7e-m/fpv4-sp/hard/crtend.o

.glue_7         0x0000000000000858        0x0
 .glue_7        0x0000000000000858        0x0 linker stubs

.glue_7t        0x0000000000000858        0x0
 .glue_7t       0x0000000000000858        0x0 linker stubs

.vfp11_veneer   0x0000000000000858        0x0
 .vfp11_veneer  0x0000000000000858        0x0 linker stubs

.v4_bx          0x0000000000000858        0x0
 .v4_bx         0x0000000000000858        0x0 linker stubs

.iplt           0x0000000000000858        0x0
 .iplt          0x0000000000000858        0x0 /usr/local/gcc-arm-none-eabi-6-2017-q2-update/bin/../lib/gcc/arm-none-eabi/6.3.1/thumb/v7e-m/fpv4-sp/hard/crtbegin.o

.mem_section_dummy_rom

.log_const_data
                0x0000000000000858        0x0
                [!provide]                        PROVIDE (__start_log_const_data, .)
 *(SORT(.log_const_data*))
                [!provide]                        PROVIDE (__stop_log_const_data, .)

.ARM.extab
 *(.ARM.extab* .gnu.linkonce.armextab.*)
                0x0000000000000858                __exidx_start = .

.ARM.exidx      0x0000000000000858        0x8
 *(.ARM.exidx* .gnu.linkonce.armexidx.*)
 .ARM.exidx     0x0000000000000858        0x8 /usr/local/gcc-arm-none-eabi-6-2017-q2-update/bin/../lib/gcc/arm-none-eabi/6.3.1/../../../../arm-none-eabi/lib/thumb/v7e-m/fpv4-sp/hard/crt0.o
                0x0000000000000860                __exidx_end = .
                0x0000000000000860                __etext = .

.rel.dyn        0x0000000000000860        0x0
 .rel.iplt      0x0000000000000860        0x0 /usr/local/gcc-arm-none-eabi-6-2017-q2-update/bin/../lib/gcc/arm-none-eabi/6.3.1/thumb/v7e-m/fpv4-sp/hard/crtbegin.o

.data           0x0000000020000000       0x70 load address 0x0000000000000860
                0x0000000020000000                __data_start__ = .
 *(vtable)
 *(.data*)
 .data.SystemCoreClock
                0x0000000020000000        0x4 _build/nrf52832_xxaa/system_nrf52.c.o
                0x0000000020000000                SystemCoreClock
 .data.impure_data
                0x0000000020000004       0x60 /usr/local/gcc-arm-none-eabi-6-2017-q2-update/bin/../lib/gcc/arm-none-eabi/6.3.1/../../../../arm-none-eabi/lib/thumb/v7e-m/fpv4-sp/hard/libc_nano.a(lib_a-impure.o)
                0x0000000020000064                . = ALIGN (0x4)
                0x0000000020000064                PROVIDE (__preinit_array_start, .)
 *(.preinit_array)
                0x0000000020000064                PROVIDE (__preinit_array_end, .)
                0x0000000020000064                . = ALIGN (0x4)
                0x0000000020000064                PROVIDE (__init_array_start, .)
 *(SORT(.init_array.*))
 *(.init_array)
 .init_array    0x0000000020000064        0x4 /usr/local/gcc-arm-none-eabi-6-2017-q2-update/bin/../lib/gcc/arm-none-eabi/6.3.1/thumb/v7e-m/fpv4-sp/hard/crtbegin.o
                0x0000000020000068                PROVIDE (__init_array_end, .)
                0x0000000020000068                . = ALIGN (0x4)
                [!provide]                        PROVIDE (__fini_array_start, .)
 *(SORT(.fini_array.*))
 *(.fini_array)
 .fini_array    0x0000000020000068        0x4 /usr/local/gcc-arm-none-eabi-6-2017-q2-update/bin/../lib/gcc/arm-none-eabi/6.3.1/thumb/v7e-m/fpv4-sp/hard/crtbegin.o
                [!provide]                        PROVIDE (__fini_array_end, .)
 *(.jcr*)
 .jcr           0x000000002000006c        0x0 /usr/local/gcc-arm-none-eabi-6-2017-q2-update/bin/../lib/gcc/arm-none-eabi/6.3.1/thumb/v7e-m/fpv4-sp/hard/crtbegin.o
 .jcr           0x000000002000006c        0x4 /usr/local/gcc-arm-none-eabi-6-2017-q2-update/bin/../lib/gcc/arm-none-eabi/6.3.1/thumb/v7e-m/fpv4-sp/hard/crtend.o
                0x0000000020000070                . = ALIGN (0x4)
                0x0000000020000070                __data_end__ = .
LOAD /usr/local/gcc-arm-none-eabi-6-2017-q2-update/bin/../lib/gcc/arm-none-eabi/6.3.1/thumb/v7e-m/fpv4-sp/hard/crti.o
LOAD /usr/local/gcc-arm-none-eabi-6-2017-q2-update/bin/../lib/gcc/arm-none-eabi/6.3.1/thumb/v7e-m/fpv4-sp/hard/crtbegin.o
LOAD /usr/local/gcc-arm-none-eabi-6-2017-q2-update/bin/../lib/gcc/arm-none-eabi/6.3.1/../../../../arm-none-eabi/lib/thumb/v7e-m/fpv4-sp/hard/crt0.o
LOAD _build/nrf52832_xxaa/gcc_startup_nrf52.S.o
LOAD _build/nrf52832_xxaa/system_nrf52.c.o
LOAD _build/nrf52832_xxaa/main.c.o
LOAD _build/nrf52832_xxaa/boards.c.o
LOAD _build/nrf52832_xxaa/app_error.c.o
LOAD _build/nrf52832_xxaa/app_error_weak.c.o
LOAD _build/nrf52832_xxaa/app_util_platform.c.o
LOAD _build/nrf52832_xxaa/nrf_assert.c.o
LOAD _build/nrf52832_xxaa/nrf_strerror.c.o
LOAD /usr/local/gcc-arm-none-eabi-6-2017-q2-update/bin/../lib/gcc/arm-none-eabi/6.3.1/../../../../arm-none-eabi/lib/thumb/v7e-m/fpv4-sp/hard/libc_nano.a
LOAD /usr/local/gcc-arm-none-eabi-6-2017-q2-update/bin/../lib/gcc/arm-none-eabi/6.3.1/../../../../arm-none-eabi/lib/thumb/v7e-m/fpv4-sp/hard/libnosys.a
LOAD /usr/local/gcc-arm-none-eabi-6-2017-q2-update/bin/../lib/gcc/arm-none-eabi/6.3.1/../../../../arm-none-eabi/lib/thumb/v7e-m/fpv4-sp/hard/libm.a
START GROUP
LOAD /usr/local/gcc-arm-none-eabi-6-2017-q2-update/bin/../lib/gcc/arm-none-eabi/6.3.1/thumb/v7e-m/fpv4-sp/hard/libgcc.a
LOAD /usr/local/gcc-arm-none-eabi-6-2017-q2-update/bin/../lib/gcc/arm-none-eabi/6.3.1/../../../../arm-none-eabi/lib/thumb/v7e-m/fpv4-sp/hard/libg_nano.a
LOAD /usr/local/gcc-arm-none-eabi-6-2017-q2-update/bin/../lib/gcc/arm-none-eabi/6.3.1/../../../../arm-none-eabi/lib/thumb/v7e-m/fpv4-sp/hard/libc_nano.a
END GROUP
START GROUP
LOAD /usr/local/gcc-arm-none-eabi-6-2017-q2-update/bin/../lib/gcc/arm-none-eabi/6.3.1/thumb/v7e-m/fpv4-sp/hard/libgcc.a
LOAD /usr/local/gcc-arm-none-eabi-6-2017-q2-update/bin/../lib/gcc/arm-none-eabi/6.3.1/../../../../arm-none-eabi/lib/thumb/v7e-m/fpv4-sp/hard/libc_nano.a
END GROUP
LOAD /usr/local/gcc-arm-none-eabi-6-2017-q2-update/bin/../lib/gcc/arm-none-eabi/6.3.1/thumb/v7e-m/fpv4-sp/hard/crtend.o
LOAD /usr/local/gcc-arm-none-eabi-6-2017-q2-update/bin/../lib/gcc/arm-none-eabi/6.3.1/thumb/v7e-m/fpv4-sp/hard/crtn.o
START GROUP
LOAD /usr/local/gcc-arm-none-eabi-6-2017-q2-update/bin/../lib/gcc/arm-none-eabi/6.3.1/thumb/v7e-m/fpv4-sp/hard/libgcc.a
LOAD /usr/local/gcc-arm-none-eabi-6-2017-q2-update/bin/../lib/gcc/arm-none-eabi/6.3.1/../../../../arm-none-eabi/lib/thumb/v7e-m/fpv4-sp/hard/libc.a
LOAD /usr/local/gcc-arm-none-eabi-6-2017-q2-update/bin/../lib/gcc/arm-none-eabi/6.3.1/../../../../arm-none-eabi/lib/thumb/v7e-m/fpv4-sp/hard/libnosys.a
END GROUP

.igot.plt       0x0000000020000070        0x0 load address 0x00000000000008d0
 .igot.plt      0x0000000020000070        0x0 /usr/local/gcc-arm-none-eabi-6-2017-q2-update/bin/../lib/gcc/arm-none-eabi/6.3.1/thumb/v7e-m/fpv4-sp/hard/crtbegin.o
                0x0000000020000070                . = ALIGN (0x4)

.mem_section_dummy_ram

.log_dynamic_data
                0x0000000020000070        0x0
                [!provide]                        PROVIDE (__start_log_dynamic_data, .)
 *(SORT(.log_dynamic_data*))
                [!provide]                        PROVIDE (__stop_log_dynamic_data, .)

.bss            0x0000000020000070       0x1c load address 0x00000000000008d0
                0x0000000020000070                . = ALIGN (0x4)
                0x0000000020000070                __bss_start__ = .
 *(.bss*)
 .bss           0x0000000020000070       0x1c /usr/local/gcc-arm-none-eabi-6-2017-q2-update/bin/../lib/gcc/arm-none-eabi/6.3.1/thumb/v7e-m/fpv4-sp/hard/crtbegin.o
 *(COMMON)
                0x000000002000008c                . = ALIGN (0x4)
                0x000000002000008c                __bss_end__ = .

.heap           0x0000000020000090     0x2000
                0x0000000020000090                __HeapBase = .
                0x0000000020000090                __end__ = .
                [!provide]                        PROVIDE (end, .)
 *(.heap*)
 .heap          0x0000000020000090     0x2000 _build/nrf52832_xxaa/gcc_startup_nrf52.S.o
                0x0000000020002090                __HeapLimit = .

.stack_dummy    0x0000000020000090     0x2000
 *(.stack*)
 .stack         0x0000000020000090     0x2000 _build/nrf52832_xxaa/gcc_startup_nrf52.S.o
                0x0000000020010000                __StackTop = (ORIGIN (RAM) + LENGTH (RAM))
                0x000000002000e000                __StackLimit = (__StackTop - SIZEOF (.stack_dummy))
                0x0000000020010000                PROVIDE (__stack, __StackTop)
                0x0000000000000001                ASSERT ((__StackLimit >= __HeapLimit), region RAM overflowed with stack)
                0x0000000000000070                DataInitFlashUsed = (__bss_start__ - __data_start__)
                0x0000000000000860                CodeFlashUsed = (__etext - ORIGIN (FLASH))
                0x00000000000008d0                TotalFlashUsed = (CodeFlashUsed + DataInitFlashUsed)
                0x0000000000000001                ASSERT ((TotalFlashUsed <= LENGTH (FLASH)), region FLASH overflowed with .data and user data)
OUTPUT(_build/nrf52832_xxaa.out elf32-littlearm)

.ARM.attributes
                0x0000000000000000       0x30
 .ARM.attributes
                0x0000000000000000       0x22 /usr/local/gcc-arm-none-eabi-6-2017-q2-update/bin/../lib/gcc/arm-none-eabi/6.3.1/thumb/v7e-m/fpv4-sp/hard/crti.o
 .ARM.attributes
                0x0000000000000022       0x34 /usr/local/gcc-arm-none-eabi-6-2017-q2-update/bin/../lib/gcc/arm-none-eabi/6.3.1/thumb/v7e-m/fpv4-sp/hard/crtbegin.o
 .ARM.attributes
                0x0000000000000056       0x20 /usr/local/gcc-arm-none-eabi-6-2017-q2-update/bin/../lib/gcc/arm-none-eabi/6.3.1/../../../../arm-none-eabi/lib/thumb/v7e-m/fpv4-sp/hard/crt0.o
 .ARM.attributes
                0x0000000000000076       0x20 _build/nrf52832_xxaa/gcc_startup_nrf52.S.o
 .ARM.attributes
                0x0000000000000096       0x39 _build/nrf52832_xxaa/system_nrf52.c.o
 .ARM.attributes
                0x00000000000000cf       0x39 _build/nrf52832_xxaa/main.c.o
 .ARM.attributes
                0x0000000000000108       0x39 _build/nrf52832_xxaa/boards.c.o
 .ARM.attributes
                0x0000000000000141       0x34 /usr/local/gcc-arm-none-eabi-6-2017-q2-update/bin/../lib/gcc/arm-none-eabi/6.3.1/../../../../arm-none-eabi/lib/thumb/v7e-m/fpv4-sp/hard/libc_nano.a(lib_a-exit.o)
 .ARM.attributes
                0x0000000000000175       0x34 /usr/local/gcc-arm-none-eabi-6-2017-q2-update/bin/../lib/gcc/arm-none-eabi/6.3.1/../../../../arm-none-eabi/lib/thumb/v7e-m/fpv4-sp/hard/libc_nano.a(lib_a-impure.o)
 .ARM.attributes
                0x00000000000001a9       0x34 /usr/local/gcc-arm-none-eabi-6-2017-q2-update/bin/../lib/gcc/arm-none-eabi/6.3.1/../../../../arm-none-eabi/lib/thumb/v7e-m/fpv4-sp/hard/libc_nano.a(lib_a-init.o)
 .ARM.attributes
                0x00000000000001dd       0x34 /usr/local/gcc-arm-none-eabi-6-2017-q2-update/bin/../lib/gcc/arm-none-eabi/6.3.1/../../../../arm-none-eabi/lib/thumb/v7e-m/fpv4-sp/hard/libc_nano.a(lib_a-memset.o)
 .ARM.attributes
                0x0000000000000211       0x34 /usr/local/gcc-arm-none-eabi-6-2017-q2-update/bin/../lib/gcc/arm-none-eabi/6.3.1/../../../../arm-none-eabi/lib/thumb/v7e-m/fpv4-sp/hard/libnosys.a(_exit.o)
 .ARM.attributes
                0x0000000000000245       0x34 /usr/local/gcc-arm-none-eabi-6-2017-q2-update/bin/../lib/gcc/arm-none-eabi/6.3.1/thumb/v7e-m/fpv4-sp/hard/crtend.o
 .ARM.attributes
                0x0000000000000279       0x22 /usr/local/gcc-arm-none-eabi-6-2017-q2-update/bin/../lib/gcc/arm-none-eabi/6.3.1/thumb/v7e-m/fpv4-sp/hard/crtn.o

.comment        0x0000000000000000       0x7f
 .comment       0x0000000000000000       0x7f _build/nrf52832_xxaa/system_nrf52.c.o
                                         0x80 (size before relaxing)
 .comment       0x000000000000007f       0x80 _build/nrf52832_xxaa/main.c.o
 .comment       0x000000000000007f       0x80 _build/nrf52832_xxaa/boards.c.o

.debug_line     0x0000000000000000     0x15a6
 .debug_line    0x0000000000000000       0xbf _build/nrf52832_xxaa/gcc_startup_nrf52.S.o
 .debug_line    0x00000000000000bf      0x4ff _build/nrf52832_xxaa/system_nrf52.c.o
 .debug_line    0x00000000000005be      0x77d _build/nrf52832_xxaa/main.c.o
 .debug_line    0x0000000000000d3b      0x86b _build/nrf52832_xxaa/boards.c.o

.debug_info     0x0000000000000000     0x2fbe
 .debug_info    0x0000000000000000       0xe9 _build/nrf52832_xxaa/gcc_startup_nrf52.S.o
 .debug_info    0x00000000000000e9     0x1101 _build/nrf52832_xxaa/system_nrf52.c.o
 .debug_info    0x00000000000011ea      0x9cd _build/nrf52832_xxaa/main.c.o
 .debug_info    0x0000000000001bb7     0x1407 _build/nrf52832_xxaa/boards.c.o

.debug_abbrev   0x0000000000000000      0x7fa
 .debug_abbrev  0x0000000000000000       0x14 _build/nrf52832_xxaa/gcc_startup_nrf52.S.o
 .debug_abbrev  0x0000000000000014      0x1e0 _build/nrf52832_xxaa/system_nrf52.c.o
 .debug_abbrev  0x00000000000001f4      0x284 _build/nrf52832_xxaa/main.c.o
 .debug_abbrev  0x0000000000000478      0x382 _build/nrf52832_xxaa/boards.c.o

.debug_aranges  0x0000000000000000       0xe8
 .debug_aranges
                0x0000000000000000       0x20 _build/nrf52832_xxaa/gcc_startup_nrf52.S.o
 .debug_aranges
                0x0000000000000020       0x28 _build/nrf52832_xxaa/system_nrf52.c.o
 .debug_aranges
                0x0000000000000048       0x20 _build/nrf52832_xxaa/main.c.o
 .debug_aranges
                0x0000000000000068       0x80 _build/nrf52832_xxaa/boards.c.o

.debug_ranges   0x0000000000000000      0x2e8
 .debug_ranges  0x0000000000000000      0x148 _build/nrf52832_xxaa/system_nrf52.c.o
 .debug_ranges  0x0000000000000148       0x28 _build/nrf52832_xxaa/main.c.o
 .debug_ranges  0x0000000000000170      0x178 _build/nrf52832_xxaa/boards.c.o

.debug_macro    0x0000000000000000    0x1201f
 .debug_macro   0x0000000000000000       0xf5 _build/nrf52832_xxaa/system_nrf52.c.o
 .debug_macro   0x00000000000000f5      0x8c8 _build/nrf52832_xxaa/system_nrf52.c.o
 .debug_macro   0x00000000000009bd       0x22 _build/nrf52832_xxaa/system_nrf52.c.o
 .debug_macro   0x00000000000009df       0x4f _build/nrf52832_xxaa/system_nrf52.c.o
 .debug_macro   0x0000000000000a2e       0x51 _build/nrf52832_xxaa/system_nrf52.c.o
 .debug_macro   0x0000000000000a7f       0xef _build/nrf52832_xxaa/system_nrf52.c.o
 .debug_macro   0x0000000000000b6e       0x6a _build/nrf52832_xxaa/system_nrf52.c.o
 .debug_macro   0x0000000000000bd8      0x1df _build/nrf52832_xxaa/system_nrf52.c.o
 .debug_macro   0x0000000000000db7       0x22 _build/nrf52832_xxaa/system_nrf52.c.o
 .debug_macro   0x0000000000000dd9       0x22 _build/nrf52832_xxaa/system_nrf52.c.o
 .debug_macro   0x0000000000000dfb       0x2d _build/nrf52832_xxaa/system_nrf52.c.o
 .debug_macro   0x0000000000000e28       0x3b _build/nrf52832_xxaa/system_nrf52.c.o
 .debug_macro   0x0000000000000e63       0x50 _build/nrf52832_xxaa/system_nrf52.c.o
 .debug_macro   0x0000000000000eb3      0xe66 _build/nrf52832_xxaa/system_nrf52.c.o
 .debug_macro   0x0000000000001d19      0x392 _build/nrf52832_xxaa/system_nrf52.c.o
 .debug_macro   0x00000000000020ab     0xcc94 _build/nrf52832_xxaa/system_nrf52.c.o
 .debug_macro   0x000000000000ed3f     0x1313 _build/nrf52832_xxaa/system_nrf52.c.o
 .debug_macro   0x0000000000010052       0x82 _build/nrf52832_xxaa/system_nrf52.c.o
 .debug_macro   0x00000000000100d4       0x22 _build/nrf52832_xxaa/system_nrf52.c.o
 .debug_macro   0x00000000000100f6      0x2a6 _build/nrf52832_xxaa/main.c.o
 .debug_macro   0x000000000001039c       0x10 _build/nrf52832_xxaa/main.c.o
 .debug_macro   0x00000000000103ac      0x372 _build/nrf52832_xxaa/main.c.o
 .debug_macro   0x000000000001071e       0x58 _build/nrf52832_xxaa/main.c.o
 .debug_macro   0x0000000000010776       0x35 _build/nrf52832_xxaa/main.c.o
 .debug_macro   0x00000000000107ab       0x9c _build/nrf52832_xxaa/main.c.o
 .debug_macro   0x0000000000010847       0x16 _build/nrf52832_xxaa/main.c.o
 .debug_macro   0x000000000001085d       0x97 _build/nrf52832_xxaa/main.c.o
 .debug_macro   0x00000000000108f4      0x353 _build/nrf52832_xxaa/main.c.o
 .debug_macro   0x0000000000010c47       0xf6 _build/nrf52832_xxaa/main.c.o
 .debug_macro   0x0000000000010d3d       0x10 _build/nrf52832_xxaa/main.c.o
 .debug_macro   0x0000000000010d4d       0x58 _build/nrf52832_xxaa/main.c.o
 .debug_macro   0x0000000000010da5       0x1f _build/nrf52832_xxaa/main.c.o
 .debug_macro   0x0000000000010dc4       0x43 _build/nrf52832_xxaa/main.c.o
 .debug_macro   0x0000000000010e07       0x20 _build/nrf52832_xxaa/main.c.o
 .debug_macro   0x0000000000010e27      0x187 _build/nrf52832_xxaa/main.c.o
 .debug_macro   0x0000000000010fae       0x10 _build/nrf52832_xxaa/main.c.o
 .debug_macro   0x0000000000010fbe       0xb6 _build/nrf52832_xxaa/main.c.o
 .debug_macro   0x0000000000011074       0x16 _build/nrf52832_xxaa/main.c.o
 .debug_macro   0x000000000001108a      0x145 _build/nrf52832_xxaa/main.c.o
 .debug_macro   0x00000000000111cf       0x8e _build/nrf52832_xxaa/main.c.o
 .debug_macro   0x000000000001125d      0x4b4 _build/nrf52832_xxaa/main.c.o
 .debug_macro   0x0000000000011711       0x9b _build/nrf52832_xxaa/main.c.o
 .debug_macro   0x00000000000117ac      0x16d _build/nrf52832_xxaa/main.c.o
 .debug_macro   0x0000000000011919       0x2b _build/nrf52832_xxaa/main.c.o
 .debug_macro   0x0000000000011944       0x10 _build/nrf52832_xxaa/main.c.o
 .debug_macro   0x0000000000011954       0x16 _build/nrf52832_xxaa/main.c.o
 .debug_macro   0x000000000001196a       0x35 _build/nrf52832_xxaa/main.c.o
 .debug_macro   0x000000000001199f       0x22 _build/nrf52832_xxaa/main.c.o
 .debug_macro   0x00000000000119c1       0x16 _build/nrf52832_xxaa/main.c.o
 .debug_macro   0x00000000000119d7      0x261 _build/nrf52832_xxaa/main.c.o
 .debug_macro   0x0000000000011c38      0x115 _build/nrf52832_xxaa/main.c.o
 .debug_macro   0x0000000000011d4d      0x29d _build/nrf52832_xxaa/boards.c.o
 .debug_macro   0x0000000000011fea       0x35 _build/nrf52832_xxaa/boards.c.o

.debug_str      0x0000000000000000    0x62a37
 .debug_str     0x0000000000000000    0x5b167 _build/nrf52832_xxaa/system_nrf52.c.o
                                      0x5bbe4 (size before relaxing)
 .debug_str     0x000000000005b167     0x73ce _build/nrf52832_xxaa/main.c.o
                                      0x62b90 (size before relaxing)
 .debug_str     0x0000000000062535      0x502 _build/nrf52832_xxaa/boards.c.o
                                      0x63072 (size before relaxing)

.debug_frame    0x0000000000000000      0x210
 .debug_frame   0x0000000000000000       0x48 _build/nrf52832_xxaa/system_nrf52.c.o
 .debug_frame   0x0000000000000048       0x30 _build/nrf52832_xxaa/main.c.o
 .debug_frame   0x0000000000000078      0x104 _build/nrf52832_xxaa/boards.c.o
 .debug_frame   0x000000000000017c       0x28 /usr/local/gcc-arm-none-eabi-6-2017-q2-update/bin/../lib/gcc/arm-none-eabi/6.3.1/../../../../arm-none-eabi/lib/thumb/v7e-m/fpv4-sp/hard/libc_nano.a(lib_a-exit.o)
 .debug_frame   0x00000000000001a4       0x2c /usr/local/gcc-arm-none-eabi-6-2017-q2-update/bin/../lib/gcc/arm-none-eabi/6.3.1/../../../../arm-none-eabi/lib/thumb/v7e-m/fpv4-sp/hard/libc_nano.a(lib_a-init.o)
 .debug_frame   0x00000000000001d0       0x20 /usr/local/gcc-arm-none-eabi-6-2017-q2-update/bin/../lib/gcc/arm-none-eabi/6.3.1/../../../../arm-none-eabi/lib/thumb/v7e-m/fpv4-sp/hard/libc_nano.a(lib_a-memset.o)
 .debug_frame   0x00000000000001f0       0x20 /usr/local/gcc-arm-none-eabi-6-2017-q2-update/bin/../lib/gcc/arm-none-eabi/6.3.1/../../../../arm-none-eabi/lib/thumb/v7e-m/fpv4-sp/hard/libnosys.a(_exit.o)

.debug_loc      0x0000000000000000      0x892
 .debug_loc     0x0000000000000000       0x4d _build/nrf52832_xxaa/main.c.o
 .debug_loc     0x000000000000004d      0x845 _build/nrf52832_xxaa/boards.c.o
